border_size=1
usage=map

Wo          , Wo          , Wo          , Wo          , Wo          , Wo          , Wo          , Wo          , Wo          , Wo          , Wo          , Wo          , Wo          , Wo          , Wo          , Ww          , Ww          , Ww          , Ww          , Ww          , Ww          , Ww          , Wwf         , Ds          , Dd          , Dd          , Ds          , Rd          , Rd          , Gd          , Gd          , Hh          , Gd          , Gd          , Gd^Fmw      , Gd^Fmw      , Gd^Fdf      , Gll^Fmf     , Gll^Fmf     , Gd^Fdf      , Gd          , Gd          
Wo          , Wo          , Wo          , Wo          , Wo          , Wo          , Wo          , Wo          , Wo          , Wo          , Wo          , Ww^Vm       , Ww          , Wo          , Ww          , Ww          , Ww          , Ww          , Ww          , Ww          , Ww          , Ww          , Ww          , Ds          , Ds          , Ds          , Ds          , Ds          , Gs          , Gs          , Gd          , Gd          , Gll^Fmf     , Gd^Fdf      , Gd^Fdf      , Gd^Fdf      , Gd^Fdf      , Gd^Fdf      , Gll^Fmf     , Gll^Fmf     , Gll^Fmf     , Gd          
Wo          , Wo          , Wo          , Wo          , Wo          , Wo          , Wo          , Wo          , Wo          , Wo          , Wo          , Wo          , Wo          , Ww          , Ww          , Ww          , Ww          , Ww          , Ww          , Ww          , Ww          , Ww          , Ww          , Wwf         , Ds          , Ds          , Ds          , Gs          , Gs          , Gs          , Gs^Vl       , Gd          , Gll^Fmf     , Gll^Fmf     , Gd^Fdf      , Gll^Fmf     , Gll^Fmf     , Gll^Fp      , Gll^Fp      , Hhd^Fdf     , Gll^Fmf     , Gd          
Wo          , Wo          , Wo          , Wo          , Wo          , Wo          , Wo          , Wo          , Wo          , Wo          , Wo          , Wo          , Ww          , Ww          , Ww          , Ww          , Ww          , Ww          , Ww          , Ww          , Ww          , Ww          , Ww          , Ww          , Wwf         , Ds          , Ds          , Gs          , Gs          , Gs          , Gd          , Gd          , Gd^Fdf      , Gll^Fmf     , Gd^Fdf      , Gd^Fmw      , Gs          , Gd^Fdf      , Gd^Fdf      , Hhd^Fdf     , Hhd^Fdf     , Gd^Fmw      
Wo          , Wo          , Wo          , Wo          , Wo          , Wo          , Wo          , Wo          , Wo          , Wo          , Ww          , Ww          , Ww          , Ww          , Ww          , Ww          , Ww          , Ww          , Ds          , Ds          , Wwf         , Ww          , Ww          , Ww          , Wwf         , Ds          , Dd          , Rd          , Gs          , Gs          , Gd          , Gd          , Gd          , Gd^Fdf      , Gd          , Gd          , 2 Gd        , Gd^Fdf      , Gd^Fdf      , Hhd^Fmf     , Gd^Fdf      , Gd^Fmw      
Wo          , Wo          , Wo          , Wo          , Wo          , Wo          , Wo          , Wo          , Wo          , Ww          , Ww          , Ww          , Wo          , Wo          , Wo          , Wo          , Ww          , Ww          , Ds          , Ds          , Wwf         , Ww          , Ww          , Ww          , Ww          , Ds          , Dd          , Dd          , Gs          , Gs          , Gs          , Gd          , Gd          , Gd          , Gd          , Gd          , Gd          , Gd          , Gd          , Gd^Fdf      , Gd^Fdf      , Gd^Fdf      
Wo          , Wo          , Wo          , Wo          , Wo          , Wo          , Wo          , Wo          , Wo          , Wo          , Ww          , Ww          , Wo          , Wo          , Wo          , Wo          , Ww          , Ww          , Ww          , Wwf         , Ww          , Ww          , Ww          , Ww          , Ww          , Ds          , Dd          , Dd          , Gs          , Gs          , Gs          , Gd          , Gd          , Gd          , Gd          , Gd          , Gd          , Gd          , Gd          , Gd^Fdf      , Gd^Fdf      , Gd          
Wo          , Wo          , Wo          , Wo          , Wo          , Wo          , Wo          , Wo          , Wo          , Ww          , Ww          , Ww          , Ww          , Wo          , Wo          , Wo          , Ww          , Ww          , Ww^Vm       , Ww          , Ww          , Ww          , Ww          , Ww          , Ds          , Ds          , Ds          , Ds          , Gs          , Gs          , Gs          , Gd          , Gd          , Gd          , Gd          , Gd          , Gd          , Gd          , Gd          , Gd          , Gd          , Gd          
Wo          , Wo          , Wo          , Wo          , Wo          , Wo          , Wo          , Wo          , Wo          , Ww          , Ww          , Ww          , Ww          , Ww          , Ww          , Ww          , Ww          , Ww          , Ww          , Ww          , Ww          , Ww          , Ww          , Ww          , Ds          , Ds          , Ds          , Ds          , Gs          , Gs          , Gs          , Gs          , Mm          , Hhd         , Hhd         , Gd          , Gd          , Gd          , Gd          , Gd          , Gd          , Gd          
Wo          , Wo          , Wo          , Wo          , Wo          , Wo          , Wo          , Wo          , Wo          , Wo          , Ww          , Ww          , Ww          , Ww          , Wo          , Ww          , Ww          , Ww          , Ww          , Ww          , Wwf         , Ww          , Wwf         , Ww          , Ds          , Ds          , Ds          , Ds          , Ds          , Gs          , Gs          , Gs          , Hh^Vhh      , Mm          , Hh          , Gd          , Gd          , Gd          , Gd          , Hhd         , Gd          , Gs          
Wo          , Wo          , Wo          , Wo          , Wo          , Wo          , Wo          , Wo          , Wo          , Wo          , Wo          , Wo          , Ww          , Ww          , Ww          , Ww          , Ww          , Ww          , Ww          , Ww          , Wwf         , Ds          , Wwf         , Wwf         , Wwf         , Ds          , Ds          , Ds          , Rd          , Gs          , Gs          , Gs          , Gs          , Mm          , Gd          , Gd          , Gd          , Gd          , Gd^Fdf      , Gd          , Gs^Vc       , Gs          
Wo          , Wo          , Wo          , Wo          , Wo          , Wo          , Wo          , Wo          , Wo          , Wo          , Wo          , Wo          , Wo          , Ww          , Ww          , Ww          , Ww          , Ww          , Ww          , Ww          , Ww          , Wwf         , Ww          , Wwf         , Ds          , Ds          , Ds          , Ds          , Dd          , Rd          , Gs          , Gs          , Gs          , Gd          , Gd          , Gd          , Gd          , Gd          , Gd^Fdf      , Gd^Fdf      , Gs          , Gs          
Wo          , Wo          , Wo          , Wo          , Wo          , Wo          , Wo          , Wo          , Wo          , Wo          , Wo          , Wo          , Ww          , Ww          , 4 Khw       , Ww          , Ww          , Ww          , Ww          , Ww          , Ww          , Ww          , Ww          , Ww          , Ds          , Ds          , Ds          , Dd          , Dd          , Rd          , Gd          , Gs          , Gs          , Gs          , Ww          , Gd          , Gd          , Gd          , Gd          , Gd          , Hh          , Hh          
Wo          , Wo          , Wo          , Wo          , Wo          , Wo          , Wo          , Wo          , Wo          , Wo          , Wo          , Ww          , Ww          , Chw         , Chw         , Chw         , Ww          , Ww          , Ww          , Ww          , Ww          , Ww          , Ww          , Ww          , Ds          , Dd          , Dd          , Ds          , Ds          , Ds          , Hhd         , Gd          , Ww          , Ww          , Ww          , Gd          , Gd          , Gd          , Gd          , Gs          , Hh          , Mm          
Wo          , 1 Wo        , Wo          , Wo          , Wo          , Wo          , Wo          , Wo          , Wo          , Wo          , Wo          , Wo          , Ww          , Ww          , Ww          , Ww          , Ww          , Ww          , Ds          , Ww          , Ww          , Ww          , Ww          , Ds          , Ds          , Dd          , Dd          , Ds          , Ds          , Hd          , Hhd         , Gd          , Ww          , Ww          , Gd          , Gd          , Gd          , Gd          , Gs          , Hh^Vhh      , Hh          , Mm          
Wo          , Wo          , Wo          , Wo          , Wo          , Wo          , Wo          , Wo          , Wo          , Wo          , Wo          , Wo          , Wo          , Ww          , Ww          , Ww          , Ww          , Ds          , Ds          , Wwf         , Ww          , Ww          , Ww          , Ds          , Dd          , Ds          , Ds          , Ds          , Gd          , Hhd         , Gd          , Ww          , Ww          , Ww          , Gd^Vhr      , Gd          , Gd          , Gd          , Hhd         , Gs          , Hhd         , Hh          
Wo          , Wo          , Wo          , Wo          , Wo          , Wo          , Wo          , Wo          , Wo          , Wo          , Wo          , Wo          , Ww          , Ww          , Ww          , Ww          , Ww          , Ww          , Wwf         , Wwf         , Ww          , Ww          , Ww          , Ds          , Ds          , Dd          , Ds          , Rd          , Gd          , Gd          , Gd          , Ww          , Ww          , Gd          , Gd          , Gd          , Gd          , Gd          , Gd          , Gd          , Hhd^Fmf     , Hhd^Fmf     
Wo          , Wo          , Wo          , Wo          , Wo          , Wo          , Wo          , Wo          , Wo          , Wo          , Wo          , Wo          , Ww          , Ww          , Wo          , Ww          , Ww          , Ww          , Ww          , Ww          , Ww          , Ww          , Ww          , Ww          , Ww          , Ds          , Ds          , Rd          , Gs          , Gs          , Gs          , Gd          , Gd          , Gd          , Gd          , Gd          , Gd          , Gd          , Gd          , Gll^Fmf     , Wwg         , Hhd^Fmf     
Wo          , Wo          , Wo          , Wo          , Wo          , Wo          , Wo          , Wo          , Wo          , Wo          , Wo          , Wo          , Ww          , Wo          , Ww          , Ww          , Ww          , Ww          , Ww          , Ww          , Ds          , Ds          , Wwf         , Ww          , Ds          , Ds          , Ds          , Rd          , Gs          , Gs          , Gs          , Gd          , Gd          , Gd          , Gd          , Gd          , Gd          , Gd          , Gd          , Gd          , Gd          , Wwg         
Wo          , Wo          , Wo          , Wo          , Wo          , Wo          , Wo          , Wo          , Wo          , Wo          , Wo          , Wo          , Wo          , Ww          , Ww          , Ww          , Ww          , Ww          , Ww          , Ww          , Ds          , Ds          , Ww          , Wwf         , Ds          , Ds          , Dd          , Gs          , Gs          , Gd          , Gd          , Gd          , Gd          , Gd          , Gd          , Gd          , Gd          , Gd          , Gd          , Gd^Vhr      , Gd^Fmw      , Gd^Fmw      
Wo          , Wo          , Wo          , Wo          , Wo          , Wo          , Wo          , Wo          , Wo          , Wo          , Wo          , Wo          , Wo          , Ww          , Ww          , Ww          , Ww          , Ds          , Wwf         , Wwf         , Wwf         , Wwf         , Ww          , Dd          , Ds          , Ds          , Dd          , Gs          , Gs          , Gs          , Gd          , Gd          , Gd          , Gd          , Gd          , Gd          , Gd          , Gd          , Gd^Vo       , Gd          , Gd^Fmw      , Gll^Fmf     
Wo          , Wo          , Wo          , Wo          , Ww          , Wo          , Wo          , Wo          , Wo          , Wo          , Wo          , Wo          , Wo          , Wo          , Wo          , Ww          , Ww          , Ww          , Ww          , Wwf         , Ds          , Ww          , Ww          , Wwf         , Ds          , Ds          , Ds          , Rd          , Rd          , Gs          , Gd^Vo       , Gd          , Gd          , Gd          , 3 Gd        , Gd          , Gd          , Gd          , Gd          , Gd          , Gd^Fdf      , Gll^Fmf     
Wo          , Wo          , Wo          , Wo          , Ww          , Ww^Vm       , Wo          , Wo          , Wo          , Wo          , Wo          , Wo          , Wo          , Wo          , Ww          , Ww          , Ww          , Ww          , Ww          , Ds          , Wwf         , Wwf         , Ds          , Wwf         , Ds          , Ds          , Ds          , Rd          , Rd          , Gs          , Gs          , Gd          , Gd          , Gd          , Gd          , Gd          , Gd          , Gd          , Gd          , Gd          , Gd          , Gd^Fdf      
Wo          , Wo          , Wo          , Ww          , Ww          , Ww          , Wo          , Wo          , Wo          , Wo          , Wo          , Wo          , Wo          , Wo          , Wo          , Ww          , Ww          , Ww          , Ww          , Ww          , Ww          , Wwf         , Ds          , Ds          , Dd          , Dd          , Ds          , Ds          , Rd          , Gs          , Gs          , Gs          , Gd          , Gd          , Gd          , Gd          , Gd          , Gd          , Gd          , Gd          , Gd          , Gd          
Wo          , Wo          , Wo          , Wo          , Wo          , Wo          , Wo          , Wo          , Wo          , Wo          , Wo          , Wo          , Wo          , Wo          , Ww          , Wo          , Ww          , Ww          , Ww          , Ww          , Ww          , Ds          , Ds          , Ds          , Dd          , Dd          , Ds          , Ds          , Gs          , Gs          , Gs          , Gs          , Gs          , Gd          , Gd          , Gd          , Gd          , Gd          , Gd          , Gd          , Gd          , Gd          
