border_size=1
usage=map

Wot         , Wot         , Wot         , Wot         , Wot         , Wot         , Wot         , Wot         , Wot         , Wot         , Wot         , Wot         , Wot         , Wot         , Wot         , Wot         , Wot         , Wot         , Wot         , Wot         , Wot         , Wot         , Wot         , Wot         , Wot         , Wot         , Wot         , Wwt         , Wot         , Wot         , Wot         , Wot         , Wot         , Wot         , Wot         , Wot         , Wot         , Wot         , Wot         , Wot         , Wot         , Wot         , Wot         , Wot         , Wot         , Wot         , Wot         , Wot         , Wot         , Wot         , Wot         , Wot         , Wot         
Wot         , Wot         , Wot         , Wot         , Wot         , Wot         , Wot         , Wot         , Wot         , Wot         , Wwt         , Wot         , Wwt         , Wot         , Wwt         , Wwt         , Wwt         , Wwt         , Wwt         , Wot         , Wwt         , Wot         , Wot         , Wot         , Wot         , Wot         , Wwt         , Wwt         , Wwt         , Wot         , Wwt         , Wot         , Wwt         , Wot         , Wot         , Wot         , Wot         , Wot         , Wot         , Wot         , Wot         , Wot         , Wot         , Wot         , Wot         , Wot         , Wot         , Wot         , Wot         , Wot         , Wot         , Wot         , Wot         
Wot         , Wot         , Wot         , Wot         , Wot         , Wot         , Wwt         , Wwt         , Wwt         , Wwt         , Wwt         , Wwt         , Wwt         , Wwt         , Wwt         , Wwrt        , Wwt         , Wwt         , Wwt         , Wwrt        , Wwrt        , Wwt         , Wwt         , Wwt         , Wwt         , Wwt         , Wwt         , Wwt         , Wwt         , Wwt         , Wwt         , Wwt         , Wwt         , Wwt         , Wwt         , Wot         , Wwt         , Wot         , Wwt         , Wot         , Wot         , Wot         , Wot         , Wot         , Wot         , Wot         , Wot         , Wot         , Wot         , Wot         , Wot         , Wot         , Wot         
Wot         , Wot         , Wot         , Wot         , Wot         , Wwt         , Wwt         , Wwt         , Wwrt        , Wwt         , Wwt         , Wwrt        , Wwt         , Wwt         , Wwt         , Wwt         , Wwt         , Wwt         , Wwt         , Wwt         , Wwt         , Wwt         , Wwt         , Wwt         , Wwrt        , Wwt         , Wwt         , Wwt         , Gs          , Wwt         , Wwt         , Wwrt        , Wwrt        , Wwrt        , Wwt         , Wwt         , Wwt         , Wwt         , Wwt         , Wwt         , Wwt         , Wot         , Wwt         , Wot         , Wot         , Wot         , Wot         , Wot         , Wot         , Wot         , Wot         , Wot         , Wot         
Wot         , Wot         , Wot         , Wwt         , Wwt         , Wwt         , Wwt         , Wwt         , Wwt         , Wwt         , Ds          , Wwt         , Ds          , Ds          , Ds          , Ds          , Dd          , Rd          , Rd          , Dd          , Dd          , Wwt         , Wwt         , Wwt         , Wwt         , Wwt         , Ds          , Dd          , Gs          , Ds          , Ds          , Wwt         , Wwt         , Wwt         , Wwt         , Wwt         , Wwt         , Wwt         , Wwt         , Wwt         , Wwrt        , Wwt         , Wwt         , Wwt         , Wwt         , Wot         , Wot         , Wot         , Wot         , Wot         , Wot         , Wot         , Ww^Vm       
Wot         , Wot         , Wwt         , Wwt         , Wwt         , Wwt         , Wwt         , Wwt         , Ds          , Ds          , Ds          , Ds          , Ds          , Ds          , Gs          , Ds          , Dd          , Dd          , Dd          , Dd          , Ds          , Ds          , Ds          , Wwt         , Wwt         , Ds          , Gs          , Gs          , Gs          , Rd          , Dd          , Ds          , Ds          , Ds          , Ds          , Ds          , Rd          , Wwt         , Ds          , Wwt         , Wwt         , Wwt         , Wwt         , Wwt         , Wwt         , Wwt         , Wwt         , Wwt         , Wwt         , Wot         , Wot         , Wwt         , Wwt         
Wwt         , Wot         , Wwt         , Wwrt        , Wwt         , Wwt         , Wwt         , Gs          , Gs          , Gs          , Gs          , Dd          , Gs^Ft       , Gs^Ft       , Gs^Ft       , Gs^Ft       , Gs^Ft       , Gs          , Hh          , Hd          , Hh          , Ds          , Ds          , Ds          , Gs^Ft       , Gs          , Gs^Ft       , Gs          , Gs          , Gs          , Rr^Vd       , Dd          , Rd          , Dd          , Rd          , Rd          , Gs          , Wwt         , Wwt         , Ds          , Ds          , Wwt         , Ds          , Wwt         , Wwt         , Wwt         , Wwt         , Wwt         , Wwrt        , Wwt         , Wot         , Wot         , Wot         
Wwt         , Wwt         , Wwt         , Wwt         , Wwt         , Gs          , Gs          , Wwt         , Gs          , Gs^Ft       , Gs          , Gs          , Gs          , Gs^Ft       , Gs^Ft       , Gs^Ft       , Gs^Ft       , Gs          , Mm          , Mm          , Mm          , Gs          , Gs          , Gs          , Gs          , Gs^Ft       , Ds          , Gs          , Gs          , Gs          , Gs          , Gs          , Gs          , Gs^Ft       , Gs^Ft       , Gs^Ft       , Gs          , Gs          , Wwt         , Ds          , Ds          , Ds          , Ds          , Ds          , Ds          , Wwt         , Wwt         , Wwrt        , Wwrt        , Wwt         , Wwt         , Wot         , Wot         
Wwt         , Wwt         , Wwt         , Wwt         , Ds          , Ds          , Gs          , Wwt         , Gs          , Gs^Ft       , Gs^Ft       , Rr^Vd       , Gs          , Gs^Ft       , Gs          , Gs^Ft       , Gs          , Hh          , Mm          , Mm          , Mm          , Hh          , Gs          , Gs^Ft       , Ds          , Dd^Do       , Ds          , Gs^Ft       , Gs          , Gs          , Gs^Ft       , Gs^Ft       , Gs^Ft       , Gs          , Gs          , Gs          , Gs          , Gs          , Wwt         , Rd          , Rd          , Ds          , Rd          , Ds          , Ds          , Gs          , Gs          , Wwt         , Wwt         , Wwt         , Wwt         , Wot         , Wot         
Wwt         , Wwt         , Dd          , Ds          , Ds          , Gs          , Gs          , Wwt         , Wwt         , Gs          , Gs          , Gs          , Gs          , Gs          , Ch          , Gs          , Gs^Ft       , Hh          , Hh          , Mm          , Hh          , Gs          , Gs          , Gs          , Gs          , Ds          , Gs^Ft       , Gs          , Gs          , Gs          , Gs          , Gs^Ft       , Gs^Ft       , Rr^Vd       , Gs          , Gs^Ft       , Gs          , Gs          , Wwt         , Gs          , Gs          , Gs          , Gs^Ft       , Gs          , Gs^Ft       , Gs          , Ds          , Wwt         , Wwt         , Wwt         , Wot         , Wot         , Wot         
Ds          , Dd          , Ds          , Ds          , Gs          , Gs          , Gs          , Gs          , Gs          , Wwt         , Wwt         , Gs          , Wwf         , Ch          , Ch          , Gs          , Gs          , Gs          , Gs          , Gs          , Ch          , Ch          , Ch          , Gs^Ft       , Gs          , Gs^Ft       , Ss          , Gs^Ft       , Ss          , Gs          , Gs          , Gs^Ft       , Gs          , Gs          , Gs          , Gs          , Gs          , Wwt         , Gs          , Gs          , Gs          , Gs^Ft       , Gs^Ft       , Gs          , Gs          , Ds          , Ds          , Wwt         , Wwt         , Wwt         , Wot         , Wot         , Wot         
Ds          , Ds          , Rd          , Gs          , Gs^Ft       , Gs^Ft       , Gs          , Gs          , Wwt         , Wwt         , Gs          , Wwt         , Gs          , Wwt         , Wwt         , Gs          , Gs          , Gs          , Gs          , Gs          , Rr^Vd       , Kh          , Ch          , Gs          , Gs          , Ss          , Sm          , Ss          , Wwf         , Wwg         , Ww          , Ww          , Wwt         , Gs          , Wwt         , Gs          , Wwt         , Wwf         , Gs          , Gs^Ft       , Gs          , Rr^Vd       , Gs          , Gs^Ft       , Gs          , Ds          , Ds          , Wwt         , Wwt         , Wwt         , Wwt         , Wot         , Wot         
Ds          , Rd          , Gs          , Gs          , Gs^Ft       , Gs          , Wwt         , Wwt         , Gs          , Gs          , Gs          , Gs          , Gs          , Gs          , Wwt         , Gs          , Wwt         , Gs          , Wwt         , Gs          , Gs          , Ch          , Wwg         , Gs          , Wwf         , Wwf         , Wwf         , Wwf         , Ss          , Gs          , Gs          , Gs          , Gs          , Wwt         , Gs          , Wwt         , Gs          , Gs          , Gll         , Gs          , Gll         , Gs          , Gs          , Gs          , Gs          , Gs          , Ds          , Ds          , Wwt         , Wwt         , Wwrt        , Wot         , Wot         
Rr^Vd       , Rd          , Gs          , Gs          , Gs          , Gs          , Wwt         , Gs          , Gs          , Rr^Vd       , Gs          , Gs^Ft       , Gs^Ft       , Gs          , Gs          , Wwt         , Gs          , Wwt         , Gs          , Wwt         , Wwf         , Wwg         , Sm          , Wwg         , Chs         , Chs         , Ss          , Ss          , Ss          , Ss          , Ss          , Gs          , Ss          , Gs          , Gll         , Gs          , Gll         , Gll         , Gd^Fmw      , Gd^Fmw      , Gll         , Gs          , Gll         , Gs          , Gs          , Gs          , Gs          , Ds          , Ds          , Wwt         , Wwt         , Wwrt        , Wwt         
Rd          , Rd          , Gs          , Rr          , Rr^Vd       , Gs          , Wwf         , Gs          , Gs          , Gs          , Gs^Ft       , Gs^Ft       , Gs          , Gs          , Rr          , Gs          , Gs          , Gs          , Gs          , Gs          , Gs          , Gs          , Ss          , Sm          , Gll         , Chs         , Ss          , Ss          , Ss          , Ss          , Gd^Fmw      , Ss          , Gd^Fmw      , Ss          , Gd^Fmw      , Gd^Fmw      , Gll^Fp      , Gll^Fp      , Gd^Fmw      , Gd^Fmw      , Gll^Fp      , Gll^Fp      , Gll         , Gs          , Hh          , Gs          , Gs          , Rd          , Ds          , Ds          , Ds          , Wwt         , Wwt         
Gs          , Gs          , Gs          , Rr          , Rr          , Gs          , Gs          , Wwf         , Ch          , Gs          , Gs          , Gs^Ft       , Rr          , Gs          , Rr          , Ch          , Ch          , Gs          , Gs          , Gs          , Gs          , Gs          , Gs          , Gd^Fmw      , Ss          , Ss          , Gd^Fmw      , Ss          , Ss          , Ss          , Ss          , Ss          , Gd^Fmw      , Gd^Fmw      , Gd^Fmw      , Gd^Fmw      , Gd^Fmw      , Gd^Fmw      , Gll^Fp      , Gd^Fmw      , Gd^Fmw      , Gd^Fmw      , Gll^Fp      , Gll         , Mm          , Mm          , Mm          , Gs          , Gs^Ft       , Dd^Vda      , Ds          , Wwt         , Wwt         
Gs          , Rr^Vd       , Gs^Ft       , Gs          , Gs          , Gs          , Wwt         , Wwf         , Ch          , Gd          , Gd          , Rr          , Ch          , Ch          , Rr          , Rr^Vd       , Rr          , Rr          , Gs          , Gs          , Gs          , Gs          , Gs          , Chs         , Chs         , Ss          , Ss          , Ss          , Ss          , Ss          , Ss          , Gd^Fmw      , Gll^Fp      , Ss          , Gd^Fmw      , Gll^Fp      , Gll         , Gd^Fmw      , Gd^Fmw      , Gs^Fms      , Gd^Fmw      , Gd^Fmw      , Gll         , Hh          , Mm          , Mm          , Mm          , Gs^Ft       , Gs^Ft       , Ds          , Ds          , Wwt         , Wwrt        
Gs          , Gs^Ft       , Gs^Ft       , Gs          , Wwt         , Wwt         , Gs          , Ch          , Gd          , Gd          , Gd          , Ch          , Rr^Vd       , Rr          , Rr          , Rr          , Rr          , Rr^Vd       , Rr          , Gs          , Ch          , Gs          , Gs          , Chs         , Gll         , Ss          , Sm          , Ss          , Gd^Fmw      , Ss          , Sm          , Ss          , Gll         , Gd^Fmw      , Gll^Fp      , Gll^Fp      , Gll         , Gll         , Gs          , Gll         , Gs          , Gll         , Hh          , Hh          , Hh          , Mm          , Gll^Fp      , Gs          , Gs          , Gs^Ft       , Ds          , Wwt         , Wwt         
Ds          , Gs          , Gs          , Wwt         , Gs          , Gs          , Gs          , Gs          , Gs          , Gd          , Gs          , Ch          , Rr          , Rr          , Rr          , Rr^Vd       , Rr          , Rr          , Rr^Vd       , Rr          , Ch          , Rr          , Gs          , Ss          , Ss          , Sm          , Md          , Sm          , Mm          , Mm          , Mm          , Mm          , Mm          , Gll         , Mm          , Gll         , Gs          , Gs          , Gs          , Gs          , Gs          , Gs          , Hh          , Hh          , Mm          , Hh^Fp       , Gg          , Hh          , Md          , Ss          , Gs          , Ds          , Wwt         
Wwt         , Ds          , Ds          , Wwt         , Ds          , Gs          , Ds          , Gs          , Gs          , Gs^Ft       , Gs          , Gs          , Rr          , Rr          , Rr^Vd       , Rr          , Rr          , Rr          , Rr          , Rr          , Rr          , Ch          , Gd          , Gd          , Gd          , Md          , Md          , Md          , Mm^Xm       , Md          , Mm          , Mm          , Mm          , Mm          , Mm          , Mm          , Hh          , Gs          , Gs          , Hh          , Gs          , Hh          , Mm          , Mm          , Mm          , Mm          , Gg          , Hh^Fp       , Ss          , Md          , Gs          , Ds          , Wwt         
Wwt         , Wwt         , Wwt         , Wwt         , Wwt         , Ds          , Wwt         , Ds          , Ds          , Gs          , Ds          , Gs          , Gs          , Gs          , Ch          , Rr          , Rr^Vd       , Rr          , Rr          , Rr^Vd       , Gs          , Gs          , Md          , Md          , Md          , Md          , Md          , Mm^Xm       , Md          , Mm^Xm       , Md          , Mm          , Mm          , Mm          , Hh          , Hh          , Hh          , Gs          , Gs          , Gs          , Hh          , Hh          , Hh          , Mm          , Mm          , Mm          , Gg          , Ss          , Kh          , Ss          , Gs          , Ds          , Wwt         
Wwrt        , Wwt         , Wwt         , Wwt         , Wwt         , Wwt         , Wwt         , Wwt         , Wwt         , Gs          , Wwt         , Ds          , Ds          , Gs          , Gs          , Rr          , Rr          , Rr          , Ch          , Rr          , Gs          , Gs          , Md          , Md          , Md          , Md          , Mm^Xm       , Md          , Mv          , Md          , Md          , Md          , Md          , Hh          , Hh          , Hh          , Gs          , Gs          , Gs          , Gs          , Gs          , Hh          , Hh          , Hh          , Hh^Fp       , Gll^Fp      , Gll^Fp      , Ch          , Ch          , Gs          , Ds          , Ds          , Wwt         
Wwt         , Wwt         , Wwt         , Wwt         , Wwt         , Wwrt        , Wwt         , Wwt         , Wwt         , Wwt         , Wwt         , Wwt         , Wwt         , Ds          , Ds          , Gs          , Gs          , Ch          , Gs          , Gs          , Gs          , Gs          , Gs          , Md          , Mm          , Mm^Xm       , Mm^Xm       , Md          , Md          , Md          , Md          , Md          , Hh          , Hh          , Hh          , Hh          , Hh          , Gs          , Gs          , Gs          , Gs          , Hh          , Mm          , Mm          , Mm          , Hh^Fp       , Gll^Fp      , Gs          , Gs          , Gg          , Ds          , Wwt         , Wwt         
Wot         , Wot         , Wot         , Wwt         , Wot         , Wwt         , Wwt         , Wwt         , Chw         , Wwrt        , Wwrt        , Wwt         , Wwt         , Wwt         , Wwt         , Ds          , Ds          , Gs          , Ds          , Gs          , Gd          , Gs          , Gs          , Md          , Md          , Mm          , Mm          , Mm          , Mm          , Mm          , Md          , Md          , Md          , Hh          , Hh          , Hh          , Gs          , Gs          , Gs          , 1 Gs        , Gs          , Mm          , Mm          , Mm          , Mm          , Mm          , Gs          , Gs          , Gs          , Ds          , Wwt         , Wwt         , Wwrt        
Wot         , Wot         , Wot         , Wot         , Wot         , Wot         , Wot         , Wwt         , Wwt         , Chw         , Wwt         , Chw         , Wwt         , Wwt         , Wwt         , Wwf         , Wwf         , Wwf         , Ds          , Gs          , Gd          , Gd          , Gs          , Hh          , Md          , Mm^Xm       , Mm          , Mm          , Md          , Hhd         , Hhd         , Md          , Hhd         , Mm          , Hhd^Fdw     , Hh          , Gd          , Gs          , Gd          , Gs          , Gd          , Hh          , Hh          , Hh^Vhh      , Gll         , Rd          , Rd          , Gll^Fp      , Ds          , Ds          , Wwt         , Wwt         , Ww^Vm       
Wot         , Wot         , Wot         , Wot         , Wot         , Wot         , Wot         , Wot         , Wot         , Wot         , Wot         , Wwt         , Wwt         , Wwt         , Wwrt        , Wwt         , Wwt         , Gs          , Gs          , Gs          , Gs          , Gd          , Gs          , Gs          , Hh          , Md          , Mm^Xm       , Md          , Md^Xm       , Hhd         , Hhd         , Hhd         , Mm          , Md          , Md          , Hhd         , Gd          , Gd          , Gd          , Gd          , Gd          , Gd^Fmw      , Gll         , Gll         , Gll         , Gll^Fp      , Rd          , Rd          , Ds          , Wwt         , Wwt         , Wwrt        , Wot         
Wot         , Wot         , Wot         , Wot         , Wot         , Wot         , Wot         , Wot         , Wot         , Wot         , Wot         , Wot         , Wot         , Wot         , Wot         , Wwt         , Wwt         , Wwt         , Wwt         , Gs          , Rr^Vd       , Gs          , Gs          , Gs          , Hh          , Md          , Md          , Mm^Xm       , Mm          , Md^Xm       , Md          , Md^Xm       , Md          , Md          , Gd          , Hhd^Fmw     , Gd          , Gd          , Gd          , Gd          , Gd          , Gd          , Gs          , Gs          , Gs          , Gs          , Rd          , Ds          , Wwt         , Wwt         , Wwt         , Wwt         , Wot         
Wot         , Wot         , Wot         , Wot         , Wot         , Wot         , Wot         , Wot         , Wot         , Wot         , Wot         , Wot         , Wot         , Wot         , Wot         , Wwt         , Wwt         , Wwrt        , Wwt         , Gs          , Gs          , Gs          , Gs          , Gs          , Gs          , Hh          , Md          , Mm          , Mm          , Mm          , Hh          , Hh          , Hh          , Md          , Gd          , Gd          , Gd          , Gd^Fmw      , Gd          , Gd          , Gd^Fmw      , Gs          , Gs^Ft       , Gs          , Gs          , Rd          , Ds          , Ds          , Wwt         , Wwt         , Wwt         , Wwt         , Wot         
Wot         , Wot         , Wot         , Wot         , Wot         , Wot         , Wot         , Wot         , Wot         , Wot         , Wot         , Wot         , Wot         , Wot         , Wwt         , Wwt         , Wwt         , Wwt         , Wwt         , Gs          , Gs          , Gs^Ft       , Gs^Ft       , Gs^Ft       , Gs          , Gs          , Gs          , Hh          , Gs          , Gs          , Gs          , Gs          , Gs          , Gd          , Gd          , Gd          , Gd^Fmw      , Gd          , Mm          , Gd          , Gs          , Gs          , Gs^Ft       , Gs          , Gs          , Rd          , Ds          , Wwt         , Wwt         , Wwrt        , Wot         , Wot         , Wot         
Wwt         , Wot         , Wot         , Wot         , Wot         , Wot         , Wot         , Wot         , Wot         , Wot         , Wot         , Wot         , Wot         , Wwt         , Wwrt        , Wwrt        , Wwt         , Wwt         , Rd          , Gs          , Gs^Ft       , Gs^Ft       , Gs^Ft       , Gs^Ft       , Gs^Ft       , Gs          , Gs          , Gs          , Gd          , Gs          , Gs          , Gs          , Gs          , Gs          , Gd          , Gd^Fmw      , Gd^Fmw      , Mm          , Mm          , Mm          , Hhd^Fmw     , Gs^Ft       , Gs^Ft       , Gs^Ft       , Gs          , Gs          , Ds          , Wwt         , Wwt         , Wwt         , Wot         , Wot         , Wot         
Wwt         , Wwt         , Wot         , Wot         , Wot         , Wot         , Wot         , Wot         , Wot         , Wot         , Wot         , Wot         , Wwt         , Wwt         , Wwt         , Wwrt        , Wwt         , Wwt         , Ds          , Rd          , Gs^Ft       , Gs^Ft       , Gs^Ft       , Gs^Ft       , Gs^Ft       , Gs          , Gd          , Gd          , Gd          , Gd          , Gd          , Hh          , Gs^Fdw      , Hhd         , Hhd         , Gd          , Hhd^Fmw     , Md          , Md          , Hhd^Fmw     , Md          , Gs          , Gs^Ft       , Gs^Ft       , Dd          , Dd          , Wwt         , Wwt         , Wwt         , Wwt         , Wot         , Wot         , Wot         
Wwt         , Wwt         , Wwt         , Wot         , Wot         , Wot         , Wot         , Wot         , Wot         , Wot         , Wot         , Wot         , Wwt         , Wwt         , Wwt         , Wwt         , Wwt         , Rd          , Ds          , Ds          , Rd          , Gs^Ft       , Gs          , Gs^Ft       , Gs          , Gd          , Gd^Fmw      , Gs^Fdw      , Gd^Fmw      , Gd^Fmw      , Gd^Fmw      , Gd          , Gd          , Gd          , Gd          , Gs          , Gs          , Hhd^Fmw     , Gs          , Md          , Gs          , Gs          , Gs          , Gs          , Ds          , Dd          , Wwt         , Wwt         , Wwt         , Wot         , Wot         , Wot         , Wot         
Ds          , Wwrt        , Wwrt        , Wwt         , Wot         , Wot         , Wot         , Wot         , Wwrt        , Wot         , Wot         , Wot         , Wot         , Wwt         , Wwrt        , Wwt         , Wwt         , Wwt         , Ds          , Ds          , Ds          , Gs          , Gs          , Gs          , Gs          , Gd          , Gd          , Gs^Fdw      , Gs^Fdw      , Gs^Fdw      , Gd^Fmw      , Gd^Fmw      , Gd^Fmw      , Gs^Fdw      , Gd          , Gd^Fmw      , Gd^Fmw      , Gs          , Gs          , Gs          , Gs          , Gs          , Gs          , Gs          , Ds          , Dd          , Wwt         , Wwt         , Wwt         , Wot         , Wot         , Wot         , Wot         
Ds          , Wwrt        , Wwt         , Wwt         , Wot         , Wot         , Wot         , Wwrt        , Kh          , Wwrt        , Wot         , Wot         , Wot         , Wwt         , Wwt         , Wwrt        , Wwt         , Wwt         , Wwt         , Ds          , Dd          , Gs          , Gs          , Gs          , Hh          , Hhd^Fdw     , Gd          , Gd^Fmw      , Gd^Fmw      , Gd^Fmw      , Gd^Fmw      , Gs^Fdw      , Gd^Fmw      , Gd          , Gd          , Gs^Fdw      , Gd          , Gs          , Gs          , Gs          , Hh^Fp       , Hh          , Dd          , Ds          , Ds          , Wwt         , Wwt         , Wwt         , Wot         , Wot         , Wot         , Wot         , Wot         
Wwt         , Ds          , Wwt         , Wot         , Wot         , Wot         , Wot         , Chw         , Wwrt        , Wwrt        , Wot         , Wot         , Wot         , Wot         , Wot         , Wwt         , Wwt         , Wwt         , Wwt         , Ds          , Rd          , Hd          , Md          , Mm          , Mm          , Hh          , Gd          , Gd          , Gd^Fmw      , Gs^Fdw      , Gd^Fmw      , Gs^Fdw      , Gd^Fmw      , Gd^Fmw      , Gd          , Gd          , Gd          , Gs          , Gs          , Gs          , Gs          , Hh          , Hd          , Dd^Do       , Ds          , Ds          , Wwt         , Wwrt        , Wot         , Wot         , Wot         , Wot         , Wot         
Ww^Vm       , Wwt         , Wwt         , Wwt         , Wwt         , Wot         , Wot         , Wot         , Wot         , Wot         , Wot         , Wot         , Wot         , Wot         , Wot         , Wwt         , Wwt         , Wwt         , Wwt         , Ds          , Ds          , Hd          , Gs          , Mm          , Hh          , Hh          , Gd          , Gs^Fdw      , Gs^Fdw      , Gd^Fmw      , Gs^Fdw      , Gll^Fp      , Gd^Fmw      , Gd          , Gll         , Gd          , Gd          , Gd          , Gs          , Gs          , Gs          , Gs          , Dd          , Dd          , Ds          , Ds          , Wwt         , Wwrt        , Wot         , Wot         , Wot         , Wot         , Wot         
Wwt         , Wwt         , Wwt         , Wwt         , Wwt         , Wot         , Wot         , Wot         , Wot         , Wot         , Wot         , Wot         , Wot         , Wot         , Wot         , Wwt         , Wwrt        , Wwt         , Ds          , Dd          , Rd          , Gs          , Gs          , Hh          , Wwt         , Wwt         , Wwt         , Gd          , Gd          , Gd^Fmw      , Gd          , Gs^Fdw      , Gd          , Gd          , Gll^Fp      , Gll         , Gd          , Gd          , Ch          , Ch          , Kh          , Gs          , Rr^Vd       , Ds          , Dd          , Ds          , Wwt         , Wwt         , Wwt         , Wot         , Wot         , Wot         , Wot         
Wot         , Wwt         , Wot         , Wwt         , Wot         , Wot         , Wot         , Wot         , Wot         , Wot         , Wot         , Wot         , Wot         , Wot         , Wwt         , Wwt         , Wwt         , Wwt         , Ds          , Rd          , Gs          , Gs          , Gs          , Wwt         , Gs          , Gs          , Gs          , Wwt         , Wwf         , Gd          , Gs          , Gd          , Gd          , Gll         , Gll         , Gll         , Gd          , Gs          , Ch          , Ch          , Ch          , Rr          , Gs          , Ds          , Ds          , Wwt         , Wwt         , Wwt         , Wwt         , Wot         , Wot         , Wot         , Wot         
Wot         , Wot         , Wot         , Wot         , Wot         , Wot         , Wot         , Wot         , Wot         , Wot         , Wot         , Wot         , Wot         , Wot         , Wwt         , Wwt         , Wwt         , Gs          , Gs          , Gs          , Gs          , Gs          , Wwt         , Wwt         , Gs          , Gd          , Gd          , Gs          , Gs          , Wwt         , Gs          , Rr^Vd       , Gs          , Gd          , Gd          , Gd          , Gs          , Gs          , Gs          , Rr          , Rr          , Rr          , Gs          , Gs          , Ds          , Wwt         , Wwt         , Wwt         , Wwt         , Wot         , Wot         , Wot         , Wot         
Wot         , Wot         , Wot         , Wot         , Wot         , Wot         , Wot         , Wot         , Wot         , Wot         , Wot         , Wot         , Wot         , Wot         , Wwt         , Wwt         , Wwt         , Wwt         , Wwt         , Wwt         , Wwt         , Wwf         , Gs          , Gs          , Gd          , Gd          , Gd          , Gs          , Gs          , Wwt         , Wwt         , Gs          , Gs          , Gs          , Gs          , Gs          , Wwf         , Gs          , Gs          , Rr^Vd       , Gs          , Gs          , Dd          , Ds          , Wwt         , Wwt         , Wwt         , Wwt         , Wot         , Wot         , Wot         , Wot         , Wot         
Wot         , Wot         , Wot         , Wot         , Wot         , Wot         , Wot         , Wot         , Wot         , Wot         , Wot         , Wot         , Wot         , Wot         , Wwt         , Wwt         , Ds          , Ds          , Ds          , Gs^Ft       , Gs          , Gs^Ft       , Gs^Ft       , Gs^Ft       , Gs          , Gd          , Gs^Ft       , Gs^Ft       , Gs          , Gs          , Gs          , Wwt         , Wwt         , Wwt         , Wwt         , Wwt         , Gs          , Wwt         , Wwt         , Wwt         , Wwt         , Gs          , Wwt         , Ds          , Wwt         , Wwt         , Wwt         , Wwt         , Wot         , Wot         , Wot         , Wot         , Wot         
Wot         , Wot         , Wot         , Wot         , Wot         , Wot         , Wot         , Wot         , Wot         , Wot         , Wot         , Wot         , Wot         , Wwt         , Wwrt        , Wwt         , Ds          , Ds          , Gs          , Gs          , Gs^Ft       , Gs^Ft       , Gs^Ft       , Gs^Ft       , Gs^Ft       , Gs^Ft       , Gs          , Gs^Ft       , Gs          , Gs          , Gs          , Gs          , Gs          , Gs          , Gs          , Gs          , Gs          , Gs          , Gs          , Gs          , Gs          , Wwt         , Wwt         , Wwt         , Wwrt        , Wwrt        , Wot         , Wot         , Wot         , Wot         , Wot         , Wot         , Wot         
Wot         , Wot         , Wot         , Wot         , Wot         , Wot         , Wot         , Wot         , Wot         , Wot         , Wot         , Wot         , Wwt         , Wwt         , Wwt         , Wwt         , Ds          , Ds          , Gs^Ft       , Gs          , Gs^Ft       , Gs^Ft       , Mm          , Gs^Ft       , Gs^Ft       , Gs^Ft       , Gs          , Gs          , Gs          , Gs          , Gs          , Gs          , Hh          , Gs          , Gs          , Gs          , Gs          , Gs          , Ds          , Gs          , Gs          , Ds          , Wwt         , Wwt         , Wwt         , Wwt         , Wot         , Wot         , Wot         , Wot         , Wot         , Wot         , Wot         
Wot         , Wot         , Wot         , Wot         , Wot         , Wot         , Wot         , Wot         , Wot         , Wot         , Wot         , Wot         , Wwt         , Wwt         , Wwt         , Wwt         , Ds          , Ds          , Ds          , Gs^Ft       , Gs^Ft       , Gs^Ft       , Gs^Ft       , Gs^Ft       , Gs^Ft       , Gs          , Gs          , Gs          , Gs          , Gs          , Gs          , Hh          , Hh          , Gs          , Ds          , Ds          , Ds          , Ds          , Ds          , Gs          , Wwt         , Wwt         , Wwt         , Wwt         , Wot         , Wot         , Wot         , Wot         , Wot         , Wot         , Wot         , Wot         , Wot         
Wot         , Wot         , Wot         , Wot         , Wot         , Wot         , Wot         , Wot         , Wot         , Wot         , Wot         , Wwt         , Wwt         , Wwt         , Wwt         , Ds          , Ds          , Ds          , Dd          , Dd^Do       , Gs^Ft       , Gs^Ft       , Gs^Ft       , Gs^Ft       , Gs^Ft       , Gs^Ft       , Gs          , 2 Gs        , Gs          , Gs          , Gs          , Gs          , Gs          , Gs          , Ds          , Dd^Do       , Ds          , Ds          , Wwt         , Wwt         , Wwrt        , Wwt         , Wwt         , Wwt         , Wot         , Wot         , Wot         , Wot         , Wot         , Wot         , Wot         , Wot         , Wot         
Wot         , Wot         , Wot         , Wot         , Wot         , Wot         , Wot         , Wot         , Wot         , Wot         , Wot         , Wwt         , Wwrt        , Wwt         , Wwt         , Ds          , Dd          , Hd          , Dd          , Ds          , Ds          , Gs          , Gs          , Gs          , Gs          , Gs          , Gs          , Gs          , Ds          , Gs          , Gs          , Ds          , Ds          , Ds          , Ds          , Ds          , Ds          , Wwt         , Wwt         , Wwrt        , Wwt         , Wwt         , Wot         , Wot         , Wot         , Wot         , Wot         , Wot         , Wot         , Wot         , Wot         , Wot         , Wot         
Wot         , Wot         , Wot         , Wot         , Wot         , Wot         , Wot         , Wot         , Wot         , Wot         , Wot         , Wwt         , Wwrt        , Wwrt        , Wwt         , Ds          , Ds          , Dd          , Gs          , Ds          , Gs          , Gs          , Gs          , Gs          , Ds          , Ds          , Ds          , Ds          , Ds          , Ds          , Wwt         , Wwt         , Wwt         , Ds          , Wwt         , Ds          , Wwt         , Wwt         , Wwrt        , Wwrt        , Wwt         , Wot         , Wot         , Wot         , Wot         , Wot         , Wot         , Wot         , Wot         , Wot         , Wot         , Wot         , Wot         
Wot         , Wot         , Wot         , Wot         , Wot         , Wot         , Wot         , Wot         , Wot         , Wot         , Wot         , Wwt         , Wwt         , Wwt         , Wwt         , Wwt         , Wwt         , Ds          , Wwt         , Gs          , Ds          , Gs          , Gs          , Ds          , Ds          , Ds          , Ds          , Ds          , Ds          , Ds          , Ds          , Wwt         , Wwt         , Wwt         , Wwt         , Wwt         , Wwt         , Wwt         , Wwt         , Wwt         , Wot         , Wot         , Wot         , Wot         , Wot         , Wot         , Wot         , Wot         , Wot         , Wot         , Wot         , Wot         , Wot         
Wot         , Wot         , Wot         , Wot         , Wot         , Wot         , Wot         , Wot         , Wot         , Wot         , Wot         , Wot         , Wot         , Wwt         , Wot         , Wwt         , Wwrt        , Wwt         , Wwt         , Wwt         , Wwt         , Wwt         , Wwt         , Gs          , Ds          , Ds          , Ds          , Ds          , Ds          , Ds          , Wwt         , Wwt         , Wwt         , Wwt         , Wwt         , Wwt         , Wot         , Wot         , Wot         , Wot         , Wot         , Wot         , Wot         , Wot         , Wot         , Wot         , Wot         , Wot         , Wot         , Wot         , Wot         , Wot         , Wot         
Wot         , Wot         , Wot         , Wot         , Wot         , Wot         , Wot         , Wot         , Wot         , Wot         , Wot         , Wot         , Wot         , Wwt         , Wot         , Wot         , Wwt         , Wwrt        , Wwt         , Wwt         , Wwt         , Wwt         , Wwrt        , Wwt         , Wwt         , Wwt         , Wwt         , Wwt         , Wwt         , Wwt         , Wwt         , Wwt         , Wwt         , Wot         , Wot         , Wot         , Wot         , Wot         , Wot         , Wot         , Wot         , Wot         , Wot         , Wot         , Wot         , Wot         , Wot         , Wot         , Wot         , Wot         , Wot         , Wot         , Wot         
Wot         , Wot         , Wot         , Wot         , Wot         , Wot         , Wwt         , Wot         , Wot         , Wot         , Wot         , Wot         , Wot         , Wot         , Wot         , Wot         , Wot         , Wwt         , Wot         , Wot         , Wwt         , Wwt         , Wwt         , Wwt         , Wwt         , Wwt         , Wwt         , Wwt         , Wwt         , Wwrt        , Wwt         , Wwt         , Wot         , Wot         , Wot         , Wot         , Wot         , Wot         , Wot         , Wot         , Wot         , Wot         , Wot         , Wot         , Wot         , Wot         , Wot         , Wot         , Wot         , Wot         , Wot         , Wot         , Wot         
Wot         , Wot         , Wot         , Wot         , Wot         , Wwt         , Ww^Vm       , Wwt         , Wot         , Wot         , Wot         , Wot         , Wot         , Wot         , Wot         , Wot         , Wot         , Wot         , Wot         , Wot         , Wot         , Wot         , Wot         , Wot         , Wot         , Wot         , Wwt         , Wwt         , Wot         , Wwt         , Wwt         , Wot         , Wot         , Wot         , Wot         , Wot         , Wot         , Wot         , Wot         , Wot         , Wot         , Wot         , Wot         , Wot         , Wot         , Wot         , Wot         , Wot         , Wot         , Wot         , Wot         , Wot         , Wot         
