border_size=1
usage=map

Wo          , Wo          , Wo          , Ww          , Ww          , Ds          , Ds          , Gd          , Gd          , Gd          , Gd          , Gd          , Gll^Fmf     , Gll^Fmf     , Gd          , Gd          , Gd          , Gd          , Gll^Fmf     , Gll^Fmf     , Gll^Fp      , Gd          , Gd          , Gll^Fp      , Gd          , Gd          , Gd          , Gd          , Gd          , Gd          , Gd          , Gd          , Gd          , Gd          , Hhd^Fmw     , Gd          , Hhd         , Gd          , Hhd^Fmw     , Gd          , Gd          , Gd          , Gd          , Gd          , Gd          , Gd          , Gd          
Wo          , Wo          , Ww          , Ww          , Ww          , Ww          , Ds          , Gd          , Hhd         , Gd^Vc       , Gll^Fp      , Gll^Fmf     , Hhd         , Gd          , Gd          , Gd          , Gll^Fmf     , Gd          , Gll^Fmf     , Gll^Fp      , Gd          , Gd          , Gd          , Gd          , Gll^Fmf     , Gd          , Gd          , Gd          , Gd          , Gd          , Gd          , Gll^Fmf     , Gd          , Gll^Fmf     , Hhd^Fmw     , Hhd         , Hhd         , Hhd^Fmw     , Hhd         , Hhd^Fmw     , Hhd^Fmw     , Gll^Fmf     , Gd          , Gd          , Gd          , Gd          , Gd          
Wo          , Wo          , Ww          , Ww          , Ww          , Ds          , Gd          , Gd          , Hhd         , Hhd^Fmw     , Gll^Fmf     , Gd          , Hhd^Fmf     , Hhd         , Gd          , Gll^Fmf     , Gd          , Gd          , Gd          , Gd          , Gd          , Gd          , Gd          , Gd          , Gll^Fp      , Gll^Fmf     , Hhd         , Gd^Vo       , Gd          , Gd          , Gd          , Gll^Fmf     , Hhd         , Hhd         , Hhd         , Hhd         , Hhd         , Hhd         , Gd          , Gd          , Gll^Fmf     , Gd          , Gd          , Gd^Vo       , Gd          , Gd          , Gd          
Wo          , Wo          , Ww          , Ww          , Ww          , Ww          , Gd          , Hhd         , Hhd         , Hhd         , Hhd         , Hhd         , Hhd         , Gd          , Gd          , Gd          , Gd          , Gd          , Gd          , Gd          , Gd          , Gd          , Gd          , Gll^Fmf     , Gll^Fmf     , Hhd         , Hhd         , Gd          , Gd          , Gd          , Gd          , Gd          , Gd          , Gd          , Gd          , Hhd         , Gd          , Gd          , Co          , Gd          , Gd          , Gd          , Gd          , Gd          , Gd          , Gd          , Gd          
Wo          , Wo          , Wo          , Ww          , Ww          , Ww          , Gd          , Hhd         , Hhd         , Hhd         , Hhd         , Hhd         , Gd          , Gd          , Gd          , Gd          , Gd          , Hhd         , Rb^Gvs      , Rb^Gvs      , Gd          , Gd          , Gd          , Gd          , Gd          , Hhd         , Gd          , Gd          , Gd          , Gd          , Gd          , Gd          , Gd          , Gd          , Rb^Gvs      , Gd          , Gd          , Co          , 5 Ko        , Co          , Gd          , Gd          , Gd          , Gd          , Gd          , Gd          , Gd          
Wo          , Wo          , Wo          , Ww          , Ww          , Ww          , Gd          , Hhd         , Gd          , Gd          , Gd          , Gd          , Gd          , Gd          , Gd          , Gd          , Gd          , Rb^Gvs      , Gd          , Gd          , Gd          , Gd          , Gd          , Gd          , Gd          , Gd          , Gll^Fmf     , Gll^Fmf     , Gd          , Gd          , Gd          , Gd          , Gd          , Rb^Gvs      , Rb^Gvs      , Gd          , Gd          , Co          , Co          , Co          , Gd          , Gd          , Gd          , Gd          , Gd          , Gd          , Gd          
Wo          , Wo          , Wo          , Ww          , Ww          , Ww          , Ds          , Gd          , Hhd         , Hhd         , Rb^Gvs      , Hhd         , Hhd         , Gd          , Re          , Re          , Gd          , Rb^Gvs      , Rb^Gvs      , Gd          , Gd          , Gd          , Gd          , Gd          , Gd          , Gll^Fp      , Gll^Fp      , Gll^Fmf     , Gd          , Gll^Fmf     , Gll^Fp      , Gd          , Rb^Gvs      , Rb^Gvs      , Rb^Gvs      , Gd          , Gd^Vo       , Gd          , Gd          , Gd          , Gd          , Gd          , Gd          , Gd          , Gd          , Gd          , Re          
Wo          , Wo          , Wo          , Wo          , Ww          , Ww          , Ds          , Gd          , Rb^Gvs      , Rb^Gvs      , Gd^Vo       , Hhd         , Gd          , Re          , Gd          , Gd          , Rb^Gvs      , Rb^Gvs      , Gd          , 2 Gd        , Rb^Gvs      , Gd          , Gd          , Gd          , Gd          , Gll^Fmf     , Gd          , Gd          , Rb^Gvs      , Rb^Gvs      , Gd          , Gd          , Rb^Gvs      , Rb^Gvs      , Gd          , Gd          , Gd          , Gd          , Gd          , Gd          , Gd          , Gd          , Re          , Re          , Re          , Re          , Gd          
Wo          , 1 Wo        , Wo          , Wo          , Ww          , Ww          , Ds          , Gd          , Gd          , Rb^Gvs      , Rb^Gvs      , Rb^Gvs      , Re          , Gd          , Re          , Re          , Gd          , Rb^Gvs      , Gd          , Rb^Gvs      , Rb^Gvs      , Gd          , Gd          , Gd          , Rb^Gvs      , Rb^Gvs      , Gd          , Rb^Gvs      , Rb^Gvs      , Rb^Gvs      , Gd          , Rb^Gvs      , Rb^Gvs      , Gd          , Gd          , Gd          , Gd          , Gd          , Gd          , Gd          , Re          , Re          , Gd          , Gd          , Gd          , Gd          , Gd          
Wo          , Wo          , Wo          , Wwr         , Wwr         , Ww          , Ww          , Ds          , Gd          , Re          , Re          , Re          , Gd          , Gd          , Co          , Re          , Gd          , Gd          , Rb^Gvs      , Rb^Gvs      , Rb^Gvs      , Gd          , Gd          , Rb^Gvs      , Gd^Vo       , Gd          , Gd          , Rb^Gvs      , Re          , Gd          , Rb^Gvs      , Rb^Gvs      , Gd          , Gd          , Gd          , Gd          , Gd          , Gd          , Gd          , Gd          , Re          , Gd          , Gd          , Gd          , Gd          , Gd          , Gd          
Wo          , Wo          , Wo          , Wwr         , Wwr         , Ww          , Ww          , Ds          , Gd^Vo       , Gd          , Co          , Gd          , Gd^Vc       , Co          , Re          , Co          , Gd          , Gd          , Gd          , Rb^Gvs      , Re          , Gd          , Re          , Re          , Re          , Gd          , Gd          , Gd          , Re          , Re          , Gd          , Gd          , Gd          , Gd          , Re          , Gd          , Re          , Gd          , Re          , Re          , Gd          , Gd          , Gd          , Gd          , Gd          , Gd          , Gd          
Wo          , Wo          , Wo          , Wo          , Wwr         , Ww          , Ww          , Co          , Co          , Co          , Re          , Re          , Re          , Re          , Re          , Gd          , Re          , Gd          , Re          , Re          , Hhd         , Re          , Hhd         , Hhd         , Hhd         , Re          , Re          , Re          , Re          , Re          , Re          , Gd          , Re          , Re          , Gd          , Re          , Gd          , Re          , Gd          , Gd          , Gd          , Gd          , Gd          , Gd          , Gd          , Gd          , Gd          
Wo          , Wo          , Wo          , Wo          , Wo          , Wwr         , Ww          , Ww          , Re          , Co          , Re          , Co          , Re          , Co          , Re          , Re          , Re          , Re          , Gd          , Gd          , Gd          , Hhd^Vo      , Hhd         , Hhd         , Rb^Gvs      , Rb^Gvs      , Gd          , Gd          , Gd^Vo       , Re          , Gd          , Re          , Gd          , Gd          , Gd          , Re          , Re          , Gd^Vo       , Gd          , Gd          , Co          , Co          , Co          , Gd          , Gd          , Gd          , Gd          
Wo          , Wo          , Wo          , Wo          , Wo          , Wo          , Ww          , Ww          , Ww          , Re          , Gd^Vo       , Re          , Ch          , Re          , Re          , Co          , Re          , Gd^Vo       , Gd          , Co          , Co          , Hhd         , Re          , Re          , Gd          , Rb^Gvs      , Rb^Gvs      , Re          , Gll^Fmf     , Gd          , Gll^Fmf     , Gll^Fmf     , Gll^Fmf     , Gd          , Re          , Gd          , Re          , Gd          , Gd          , Gd          , Co          , 6 Ko        , Co          , Gd          , Gd          , Gd          , Gll^Fmf     
Wo          , Wo          , Wo          , Wo          , Wo          , Wo          , Ww          , Ww          , Ww^Bw/      , Ds          , Ch          , Ch          , Kh          , Ch          , Re          , Co          , Re          , Re          , Gd          , Gd          , Co          , Gd          , Re          , Gd          , Rb^Gvs      , Rb^Gvs      , Gll^Fp      , Gll^Fmf     , Gd          , Re          , Re          , Gll^Fmf     , Gll^Fp      , Gll^Fmf     , Gd          , Gd          , Gd          , Ww          , Gd          , Gd          , Gd          , Co          , Gd          , Gd          , Gll^Fmf     , Gll^Fp      , Gll^Fmf     
Wo          , Wo          , Wo          , Wo          , Wo          , Wo          , Ww          , Ww          , Ww          , Ds          , 4 Kh        , Ch          , Ch          , Ch          , Re          , Re          , Re          , Re          , Gd          , Co          , Gd          , Gd          , Re          , Re          , Gll^Fmf     , Gll^Fmf     , Rb^Gvs      , Rb^Gvs      , Rb^Gvs      , Gll^Fmf     , Gll^Fp      , Gll^Fmf     , Gll^Fmf     , Gd^Vo       , Rb^Gvs      , Rb^Gvs      , Rb^Gvs      , Re          , Re          , Gd          , Ss          , Ss          , Ss          , Gll^Fmf     , Gll^Fmf     , Gll^Fmf     , Gd^Fdf      
Wo          , Wo          , Wo          , Wo          , Wo          , Wo          , Ww          , Ww          , Ww^Bw/      , Ds          , Ds          , Ch          , Gd^Vo       , Re          , Re          , Co          , Re          , Re          , Gd          , Gd          , Gd          , Re          , Gd          , Gd          , Gll^Fmf     , Gll^Fp      , Rb^Gvs      , Rb^Gvs      , Gll^Fmf     , Gll^Fmf     , Gll^Fmf     , Gll^Fmf     , Re          , Rb^Gvs      , Rb^Gvs      , Rb^Gvs      , Gd          , Gd          , Ss          , Ss          , Wwg         , Wwg         , Ss          , Gll^Fmf     , Gd^Fdf      , Gd^Fdf      , Gd^Fdf      
Wo          , Wo          , Wo          , Wo          , Wo          , Wo          , Wo          , Ww          , Ww          , Ww          , Ww^Bw/      , Gd          , Re          , Re          , Co          , Re          , Re          , Gd^Vc       , Gd          , Gd          , Gd          , Gd          , Gd          , Gll^Fmf     , Gd          , Gd          , Gd          , Gll^Fmf     , Gd          , Gll^Fmf     , Gd          , Re          , Gll^Fmf     , Gd          , Gll^Fmf     , Gd          , Ss          , Gd          , Ss          , Ss          , Ss          , Ss          , Gll^Fp      , Gll^Fmf     , Gll^Fmf     , Gd^Fdf      , Gd^Fdf      
Wo          , Wo          , Wo          , Wo          , Wo          , Wo          , Wo          , Wo          , Wo          , Ww          , Ww          , Ww          , Ww          , Re          , Re          , Re          , Re          , Re          , Re          , Gd          , Co          , Gd          , Gd          , Gd          , Ds          , Ds          , Ds          , Gd          , Ds          , Ds          , Gd          , Gll^Fmf     , Gll^Fmf     , Gll^Fp      , Gll^Fmf     , Gd          , Ss          , Ss          , Ss          , Gd          , Gd          , Gd          , Gd^Vc       , Gll^Fp      , Gll^Fmf     , Gd^Fdf      , Gll^Fp      
Wo          , Wo          , Wo^Es       , Gll^Fmf     , Gll^Fmf     , Wo          , Wo          , Wo          , Wo          , Ww          , Ww          , Ww          , Ww          , Re          , Gd          , Gd^Vo       , Ds          , Gd          , Gd          , Co          , Gd          , Gd          , Ds          , Ds          , Gd          , Ds          , Ds          , Ds          , Ds          , Ds          , Ds          , Gd          , Ds          , Gd          , Gd          , Gd          , Ss          , Wwg         , Wwg         , Gd          , Gd          , Gd          , Gd          , Gll^Fp      , Ds          , Gll^Fmf     , Gll^Fmf     
Wo          , Wo          , Wo^Es       , Rb          , Gll^Fmf     , Wo          , Wo          , Wo          , Wo          , Wwr         , Ww          , Ww          , Ww          , Ds          , Ds          , Ds          , Ss          , Ss          , Ss          , Co          , Gd          , Gd          , Ds          , Ds          , Ds          , Ds          , Ds          , Gd          , Ds          , Ds          , Ds          , Ds          , Gd          , Gd          , Gd          , Gd          , Ss          , Wwg         , Wwg         , Wwg         , Wwg         , Gd          , Ds          , Ds          , Ds          , Ds          , Ds          
Wo          , Wo          , Wo          , Wo^Es       , Wo          , Wo          , Wo          , Wo          , Wo          , Wo          , Wwr         , Ww          , Ww          , Ds          , Ss          , Ss          , Co          , Co          , Ss          , Gd          , Gd          , Ds          , Gd          , Gd^Vo       , Ds          , Ds          , Ds          , Gd          , Gd          , Ds          , Gd          , Gd^Vc       , Gd          , Gd          , Ss          , Ss          , Ss          , Ss          , Wwg         , Wwg         , Wwg         , Ds          , Gd          , Ds          , Ss          , Ds          , Ss          
Wo          , Wo          , Wo          , Wo          , Wo          , Wo          , Wo          , Wo          , Ww          , Wo          , Wwr         , Wwr         , Ww          , Co          , Co          , Co          , Ss          , Ss          , Ss          , Gd          , Gd          , Gd          , Gd          , Ds          , Gd          , Ds          , Gd          , Gd          , Gd          , Ss          , Gd          , Gd          , Gd          , Gd          , Gd          , Ss          , Ss          , Ss          , Wwg         , Ss          , Ds          , Ds          , Ds          , Gd          , Gd          , Ss          , Gg          
Wo          , Wo          , Wo          , Wo          , Wo          , Wo          , Hhd         , Gll^Fmf     , Gd^Vo       , Ww          , Ww          , Ww          , Ww          , Ww          , Ds          , Ds          , Ds          , Ss          , Ss          , Gd          , Ss          , Ss          , Ds          , Gd          , Ds          , Ss          , Gd          , Gd          , Gd          , Ss          , Gd          , Gd          , Gd          , Ss          , Gd          , Chs         , 3 Khs       , Chs         , Chs         , Ss          , Ss          , Ds          , Gd          , Gd          , Ss          , Ss          , Ss          
Wo          , Wo          , Wo          , Wo          , Wo          , Wo          , Gll^Fmf     , Hhd^Fdw     , Gd          , Gll^Fmf     , Ww          , Ww          , Ww          , Ww          , Ds          , Ds          , Ss          , Ss          , Wwg         , Ss          , Ss          , Ss          , Ss          , Ds          , Ss          , Ss          , Gd          , Ss          , Ds          , Ds          , Ds          , Gd          , Ss          , Gd          , Ss          , Ss          , Ss          , Ss          , Gd          , Gd          , Ss          , Ds          , Ss          , Ss          , Ss          , Ss          , Ss          
Wo          , Wo          , Wo          , Wo          , Wo          , Wo          , Ww          , Hhd^Vc      , Hhd         , Hhd^Fdw     , Ww          , Ww          , Ww          , Ww          , Ds          , Ss          , Ss          , Wwg         , Wwg         , Ss          , Ds          , Ss          , Ds          , Ds          , Ss          , Gd          , Ss          , Ds          , Ss          , Ss          , Ss          , Gd          , Gd          , Ss          , Ss          , Wwg         , Ds          , Ds          , Ss          , Ss          , Ss          , Ss          , Gd          , Gd          , Gll^Fmf     , Ss          , Gd          
Wo          , Wo          , Wo          , Wo          , Wo          , Wo          , Wwr         , Ww          , Ww          , Gd^Vo       , Ww          , Ww          , Ww          , Ww          , Ds          , Ss          , Ss          , Ss          , Ss          , Ss          , Gd          , Ds          , Ss          , Ss          , Gd          , Gd          , Ss          , Ss          , Gd          , Gd          , Ss          , Gd          , Ss          , Wwg         , Ss          , Ds          , Ds          , Ss          , Gd          , Ss          , Gd          , Gd          , Gll^Fmf     , Gll^Fmf     , Gll^Fp      , Gll^Fmf     , Gd          
Wo          , Wo          , Wo          , Wo          , Wo          , Wo          , Wwr         , Wwr         , Wwr         , Ww          , Ww          , Ww          , Ww          , Ww          , Ds          , Ss          , Ss          , Ds          , Ds          , Gd          , Ss          , Ss          , Wwg         , Wwg         , Ss          , Ss          , Ss          , Gd          , Wwg         , Wwg         , Wwg         , Ss          , Ss          , Wwg         , Ss          , Ds          , Ss          , Ss          , Gd          , Gd          , Gs^Fp       , Gd          , Gll^Fmf     , Gll^Fp      , Gll^Fp      , Gd          , Gd          
Wo          , Wo          , Wo          , Wo          , Wo          , Wo          , Wo          , Wwr         , Wo          , Wwr         , Wwr         , Ww          , Ww          , Ww          , Ss          , Ss          , Ss          , Ss          , Ss          , Ss          , Wwg         , Ss          , Wwg         , Wwg         , Ss          , Ss          , Wwg         , Wwg         , Ss          , Ss          , Wwg         , Wwg         , Wwg         , Ss          , Ds          , Ss          , Ds          , Ss          , Gd          , Gll^Fmf     , Gd          , Gd^Vo       , Gll^Fmf     , Gll^Fmf     , Gd          , Gll^Fmf     , Gll^Fmf     
Wo          , Wo          , Wo          , Wo          , Wo          , Wo          , Wo          , Wo          , Wo          , Wwr         , Wo          , Wo          , Ww          , Wwg         , Ss          , Ss          , Ss          , Ss          , Wwg         , Wwg         , Wwg         , Wwg         , Wwg         , Ds          , Wwg         , Ds          , Ds          , Gd^Vc       , Ss          , Ss          , Gd          , Gd          , Ss          , Ss          , Ss          , Ds          , Ds          , Gd          , Gd          , Gd          , Gd          , Gll^Fp      , Gll^Fmf     , Gll^Fmf     , Gd          , Gll^Fmf     , Gd          
Wo          , Wo          , Wo          , Wo          , Wo          , Wo          , Wo          , Wo          , Wo          , Wo          , Wo          , Wo          , Ww          , Wwg         , Wwg         , Wwg         , Ss          , Wwg         , Wwg         , Wwg         , Ds          , Ss          , Ss          , Wwg         , Ss          , Ds          , Ss          , Ss          , Ss          , Ss          , Ss          , Ss          , Gd          , Ss          , Ds          , Ds          , Gd          , Gd          , Gd          , Gd          , Gd          , Gll^Fmf     , Gd          , Gll^Fmf     , Gll^Fp      , Gll^Fmf     , Gd          
Ww          , Wo          , Wo          , Wo          , Wo          , Wo          , Wo          , Wo          , Wo          , Wo          , Wo          , Wo          , Ww          , Ww          , Wwg         , Wwg         , Wwg         , Wwg         , Wwg         , Ss          , Ss          , Gd          , Ss          , Ss          , Gd          , Ss          , Ss          , Ss          , Ss          , Ss          , Ss          , Ss          , Ss          , Ss          , Gd          , Gd          , Gd          , Gd          , Gd          , Gd          , Gd          , Gd          , Gll^Fmf     , Gll^Fmf     , Gd          , Gd          , Gd          
