border_size=1
usage=map

Md          , Md          , Md          , Md          , Md          , Md          , Md          , Md          , Md          , Ha          , Ha          , Ha          , Ha          , Aa          , Aa          , Ha          , Ha          , Ha          , Ha          , Ha          , Ms          , Ms          , Ms          , Ms          , Ms          , Ha          , Ha          , Ha          , Ha          , Ms          , Ha          , Ha          , Ms          , Ms          
Md          , Md          , Md^Xm       , Md^Xm       , Md^Xm       , Md          , Md          , Md          , Ha^Fpa      , Ha^Fpa      , Ha^Fma      , Ha          , Aa          , Aa          , Aa^Vha      , Aa          , Ha          , Ha          , Ha^Fda      , Ha          , Ha          , Ha          , Ha          , Ms          , Ha          , Ms          , Ha          , Ha^Vhha     , Ms          , Ha          , Ms          , Ha          , Ha^Fma      , Ms          
Md^Xm       , Ms          , Ms          , Ms          , Ms          , Md          , Md          , Ha^Fpa      , Ha^Fma      , Ha^Fda      , Ha^Fma      , Ha          , Aa          , Ai          , Aa          , Ha          , Ms          , Ms          , Ms          , Ms          , Ms          , Ha          , Ha          , Ha          , Ms          , Ha          , Ms          , Ms          , Ms          , Ms          , Ms          , Ms          , Ms          , Ha^Fma      
Ms          , Ms          , Ms          , Ms          , Ms          , Ms          , Ms          , Ms          , Ms          , Ha^Fda      , Ms          , Aa          , Aa          , Aa          , Ha          , Ms          , Ms          , Ms          , Ms          , Ms          , Ha^Fpa      , Ha^Fda      , Ha^Fda      , Ha          , Ms          , Ms^Xm       , Ms          , Ms          , Ms^Xm       , Ms^Xm       , Ms^Xm       , Ms          , Ms^Xm       , Ms          
Ms          , Ms          , Ms^Xm       , Ms          , Ms^Xm       , Ms          , Ms          , Ms          , Ms          , Ms          , Ms          , Ha          , Aa          , Aa          , Ms          , Ha          , Ms          , Ms          , Ms          , Ms          , Ha^Fpa      , Ha^Fma      , Ms          , Ms          , Ms          , Ms          , Ms          , Ms          , Ms^Xm       , Ms^Xm       , Ms^Xm       , Ms^Xm       , Ms^Xm       , Ms^Xm       
Ms          , Ms^Xm       , Ms^Xm       , Ms^Xm       , Ms^Xm       , Ms          , Ms^Xm       , Ms          , Ms          , Ms          , Ms          , Ms          , Aa          , Ha          , Aa          , Ha          , Aa          , Ha^Fda      , Ha^Fpa      , Ha          , Ha          , Ha          , Ms          , Ms          , Ms^Xm       , Ms^Xm       , Ms^Xm       , Ms^Xm       , Xuc         , Xuc         , Xuc         , Xuc         , Xuc         , Ms^Xm       
Ms^Xm       , Ms^Xm       , Ms^Xm       , Ms          , Ms^Xm       , Ms^Xm       , Ms^Xm       , Ms^Xm       , Ms          , Ms          , Ha          , Ha^Fda      , Ha          , Ha          , Ms          , Aa          , Ms          , Ha^Fpa      , Ha^Fma      , Aa^Fpa      , Aa          , Ha          , Ms          , Ms          , Ms          , Ms          , Ms^Xm       , Xuc         , Cud         , Cud         , 2 Kud       , Cud         , Xuc         , Ms^Xm       
Ms^Xm       , Ms^Xm       , Ms^Xm       , Ms^Xm       , Ms^Xm       , Ms^Xm       , Ms          , Ms          , Ms          , Ms          , Ha          , Aa          , Aa          , Ms          , Ms          , Ms          , Md          , Md          , Md          , Aa          , Hhd         , Hhd         , Md          , Md          , Md^Xm       , Ms^Xm       , Xuc         , Xuc         , Cud^Ii      , Cud         , Cud         , Cud         , Xuc         , Ms^Xm       
Ms          , Ms^Xm       , Ms^Xm       , Ms^Xm       , Ms          , Ms^Xm       , Ms          , Ms          , Ms          , Ha          , Ha          , Ha          , Ha          , Ms          , Md          , Md          , Md          , Md          , Md          , Hhd         , Aa          , Md          , Md          , Md          , Md          , Ms^Xm       , Md          , Ur^Ii       , Ur^Ii       , Cud^Ii      , Cud         , Xuc         , Ms^Xm       , Ms^Xm       
Ms          , Ms^Xm       , Ms          , Ms          , Ms          , Ms          , Ms          , Ms          , Ha          , Aa          , Md          , Md          , Hhd         , Md          , Hhd         , Md          , Ms          , Md          , Hhd         , Hhd         , Hhd         , Md          , Hhd^Vhha    , Md^Xm       , Hhd         , Md          , Hhd         , Md          , Ms^Xm       , Xuc         , Xuc         , Xuc         , Ms^Xm       , Ms^Xm       
Md^Xm       , Ms          , Md          , Ms          , Ha          , Ms          , Md          , Md          , Aa          , Hhd         , Hhd         , Md          , Gd          , Aa^Voa      , Gd          , Ha          , Aa          , Aa          , Gd          , Gd          , Gd          , Hhd         , Hhd         , Hhd         , Md          , Wwf         , Hhd         , Hhd         , Md^Xm       , Ms^Xm       , Ms^Xm       , Ms^Xm       , Ms^Xm       , Ms^Xm       
Md^Xm       , Md^Xm       , Md          , Md          , Hhd         , Md          , Hhd         , Hhd         , Gd          , Hhd         , Gd          , Gd          , Gd          , Gd          , Gd          , Gd          , Gd          , Gd          , Aa          , Aa^Fpa      , Gd          , Aa          , Hhd         , Md          , Md          , Md          , Md          , Hhd         , Md          , Ms          , Ms          , Ms          , Ms          , Ms^Xm       
Md          , Md          , Md          , Md          , Md          , Gd          , Gd          , Gd          , Aa          , Gd          , Gd          , Gd          , Gd          , Gd          , Gd          , Gd          , Gd          , Gd          , Gd          , Gd          , Gll^Fp      , Gd          , Gll^Fp      , Hhd^Fmf     , Hhd^Fmf     , Md          , Hhd         , Hhd         , Ha          , Ms          , Ms          , Ms          , Ms          , Ms          
Aa^Fda      , Md          , Hhd         , Md          , Aa          , Aa          , Gd          , Aa          , Aa^Fpa      , Aa          , Gd          , Aa          , Gd          , Gd          , Gd          , Aa          , Gd^Vhr      , Gd          , Aa          , Gd          , Gd          , Gd          , Gll^Fmf     , Gll^Fp      , Gll^Fmf     , Hhd^Fdw     , Hhd         , Ha          , Ha          , Ha          , Ha^Vhha     , Ha          , Ha          , Ha          
Gd          , Ha^Fda      , Aa          , Aa          , Gd          , Gd          , Aa^Fpa      , Aa^Fpa      , Aa^Fpa      , Aa          , Gd          , Gd          , Gd^Fmw      , Aa^Fma      , Aa^Fma      , Gd          , Aa          , Gd          , Gd          , Gd          , Aa          , Gll^Fmf     , Gll^Fmf     , Gd^Fmw      , Gd^Fmw      , Gd^Fmw      , Aa          , Re          , Aa          , Aa          , Aa          , Ha          , Ha          , Ha          
Ai          , Gd          , Gd          , Aa          , Gd          , Aa          , Aa          , Aa^Fpa      , Aa          , Gd          , Aa          , Aa          , Aa^Fma      , Gd^Fmw      , Gd          , Gd          , Gd          , Gd          , Gd          , Gd          , Aa          , Aa          , Re          , Re          , Re          , Re          , Re          , Re          , Ha          , Aa^Voa      , Ha          , Ha          , Ha^Vhha     , Ms          
Ai          , Aa          , Wog         , Gd          , Gd          , Gd^Vh       , Gd          , Aa          , Gd          , Gd          , Gd          , Aa          , Aa          , Gd^Fmw      , Gd          , Gd          , Aa          , Aa          , Re          , Re          , Re          , Aa          , Re          , Aa          , Aa          , Aa          , Ha          , Ha          , Ms          , Ms          , Ms          , Ms          , Ms          , Ms          
Aa          , Ai          , Aa          , Ai          , Ai          , Gd          , Aa          , Gd          , Ai          , Gd          , Re          , Aa          , Re          , Gd          , Re          , Gd^Vhr      , Re          , Re          , Re          , Re          , Wog         , Wog         , Ai          , Ai          , Aa          , Ha          , Ms          , Ms          , Ms^Xm       , Ms          , Ms^Xm       , Ms          , Ms^Xm       , Ms          
Md          , Md          , Md          , Aa          , Aa          , Ai          , Ai          , Ai          , Aa          , Wog         , Wog^Bw/     , Re          , Re          , Re          , Re          , Re          , Re          , Re          , Aa          , Aa          , Ai          , Ai          , Ai          , Ai          , Ha          , Ms          , Ms          , Ms          , Ms^Xm       , Ms^Xm       , Xuc         , Ms^Xm       , Ms^Xm       , Ms^Xm       
Ms          , Ms          , Aa          , Aa^Fda      , Aa          , Aa          , Aa          , Gd          , Re          , Re          , Wog         , Re          , Gd          , Re          , Gd          , Re          , Aa          , Gd          , Aa          , Aa          , Aa          , Ai          , Aa          , Gd          , Ha          , Ms          , Ms          , Ms^Xm       , Xuc         , Xuc         , Uu^Vud      , Xuc         , Xuc         , Ms^Xm       
Re          , Re          , Re          , Aa          , Re          , Re          , Cea         , Re          , Re          , Re          , Ai          , Gd          , Gd          , Gd          , Gd          , Aa          , Aa          , Gd          , Hhd         , Ha^Vhha     , Md          , Aa          , Hhd         , Gd          , Aa          , Aa          , Aa          , Cud         , Ur^Vov      , Ur          , 3 Ur        , Ur          , Xuc         , Ms^Xm       
Re          , Re          , Aa          , Re          , Re          , Ce          , 1 Kea       , Ce          , Aa          , Gd          , Gd          , Ai          , Gd          , Aa^Vha      , Gd          , Aa          , Gd          , Gd          , Md          , Md          , Md          , Md          , Hhd         , Hhd         , Ms          , Aa          , Ms          , Cud         , Xuc         , Ur          , Ur          , Ur          , Xuc         , Ms^Xm       
Md          , Aa          , Md          , Gd          , Gd          , Ce          , Cea         , Cea         , Aa          , Gd          , Aa          , Ai          , Aa          , Gd          , Gd          , Aa          , Gd          , Hhd         , Md          , Md          , Md          , Md          , Md          , Ha          , Ha^Vhha     , Ms          , Ms          , Ms^Xm       , Ms^Xm       , Xuc         , Xuc         , Xuc         , Ms^Xm       , Ms^Xm       
Ms          , Ms          , Ms          , Gd          , Gd^Vhr      , Aa          , Aa          , Aa          , Aa^Vca      , Gd          , Gd          , Ai          , Aa          , Gd          , Aa          , Gd          , Aa          , Ha          , Hhd         , Md          , Hhd         , Md          , Ms          , Ms          , Ms          , Ms          , Ms          , Ms^Xm       , Ms^Xm       , Ms^Xm       , Ms^Xm       , Ms^Xm       , Ms^Xm       , Ms^Xm       
Ms          , Ms          , Ms          , Ms          , Ms          , Gd          , Aa          , Aa          , Gd          , Gd          , Gd          , Ai          , Ai          , Gd          , Gd          , Gd          , Aa          , Aa          , Gd          , Gd          , Ha          , Ms          , Ms          , Ms          , Ms          , Ms          , Ms          , Ms          , Ms          , Ms          , Ms          , Ms          , Ms          , Ms          
Md^Xm       , Ms          , Md^Xm       , Ms          , Ms          , Gd          , Gd          , Gd          , Gd^Fmw      , Aa^Fma      , Aa^Fma      , Gd          , Gd          , Ai          , Gd          , Gd          , Gd          , Gd^Vhr      , Gd          , Aa          , Aa          , Ha          , Aa          , Ha          , Ha          , Ha          , Ha          , Ha          , Ha          , Ms^Xm       , Ms^Xm       , Ms^Xm       , Ms          , Ms          
Md^Xm       , Md^Xm       , Md^Xm       , Ms          , Ms          , Ha          , Aa          , Gd^Fmw      , Gll^Fmf     , Aa^Fda      , Aa^Fma      , Aa          , Gd          , Wog         , Wog         , Aa          , Gd          , Gll^Fp      , Aa          , Aa          , Aa          , Aa          , Aa          , Aa          , Ha          , Ms          , Ms          , Ms          , Ms          , Ms          , Ms          , Ms^Xm       , Ms          , Ms          
Ms          , Md^Xm       , Ms^Xm       , Ms          , Ms          , Aa          , Gd          , Gd^Fmw      , Gd          , Gd^Fmw      , Gd          , Gd          , Aa          , Gd          , Gd          , Wog         , Ai          , Gd          , Gd          , Gd          , Gd          , Aa          , Ha          , Ha          , Ha          , Ms          , Ms          , Ms          , Ms          , Ms          , Ms          , Ms          , Ha          , Ha          
Ms          , Ms          , Ms          , Ms          , Ha          , Aa          , Aa          , Aa          , Ms          , Aa          , Ha          , Gd          , Aa          , Aa          , Gd          , Gd          , Gd          , Wog         , Gd          , Gd          , Aa          , Aa          , Aa          , Ms          , Ha          , Ha          , Ha          , Ha          , Aa          , Ha          , Ha          , Ha          , Ha          , Ha          
Ha          , Ms          , 4 Kha       , Ha          , Aa          , Aa^Voa      , Ha          , Ha          , Ms          , Ms          , Ms          , Ha          , Gd^Fmw      , Gll^Fmf     , Ai          , Ai          , Wog         , Ai          , Hhd         , Aa          , Ms          , Aa          , Aa          , Ha          , Ha          , Ha          , Ha          , Aa^Fpa      , Aa^Vla      , Aa          , Aa^Fpa      , Ha          , Ms          , Ha          
Aa          , Aa          , Cha         , Cha         , Ai          , Aa          , Ms          , Ms          , Ms          , Ms          , Ha          , Aa          , Wog         , Ai          , Gd          , Gd          , Gd          , Gd          , Ha          , Ha          , Ms          , Ms          , Aa          , Aa          , Ms          , Ms          , Ms          , Ha          , Aa^Fpa      , Aa          , Aa          , Ha          , Ms          , Ms          
Aa          , Aa          , Aa          , Ha          , Ms          , Ms          , Ms          , Ms          , Ms          , Ms          , Gd          , Gd          , Ai          , Gd^Vh       , Aa          , Aa          , Aa          , Aa          , Aa          , Aa          , Ha^Vhha     , Ha          , Ms          , Aa          , Ha          , Ms          , Ms          , Ms          , Ms          , Ha          , Ha          , Aa^Vca      , Ha          , Ha          
Aa          , Aa          , Ha          , Ha          , Ms          , Ms          , Ms^Xm       , Ms          , Ms          , Ha          , Gd          , Aa          , Ai          , Gd          , Gd          , Aa          , Aa          , Aa          , Aa          , Aa          , Ms          , Ms          , Ms          , Ha          , Ha          , Ms          , Ms          , Ms          , Ms          , Ms          , Ha          , Ha          , Ha          , Ms          
Aa          , Aa          , Ha          , Ms          , Ms          , Ms          , Ms^Xm       , Ms^Xm       , Ms          , Ms          , Ha          , Gll^Fmf     , Gd^Fmw      , Ai          , Aa          , Gd          , Aa          , Ms          , Ha          , Ha          , Ms          , Ms          , Ms          , Ms          , Ha          , Ha          , Ms          , Ms          , Ms          , Ms          , Ms          , Ha          , Ha          , Ms          
