border_size=1
usage=map

Md^Xm       , Md^Xm       , Md^Xm       , Md^Xm       , Md          , Ms          , Ms          , Ms          , Ms          , Ms          , Md^Xm       , Md^Xm       , Md^Xm       , Md^Xm       , Md          , Md          , Md^Xm       , Md^Xm       , Md^Xm       , Md^Xm       , Ms          , Md^Xm       , Md^Xm       , Md          , Md          , Md          , Md^Xm       , Md^Xm       , Md^Xm       , Ms          , Md^Xm       , Md          , Md^Xm       , Ms          , Ms          , Aa          , Aa          , Ms          , Ms          , Ms          , Ms          , Ms          , Ms          , Ms          , Md^Xm       , Md^Xm       , Md          , Md^Xm       , Md^Xm       , Md^Xm       , Md^Xm       , Md^Xm       , Md^Xm       , Md^Xm       , Md^Xm       , Md^Xm       , Md^Xm       , Md^Xm       , Md^Xm       
Md          , Md^Xm       , Md          , Md          , Md          , Md          , Md          , Md^Xm       , Md^Xm       , Md          , Md          , Md^Xm       , Md          , Md^Xm       , Md          , Md          , Md          , Md^Xm       , Md^Xm       , Md^Xm       , Md^Xm       , Md^Xm       , Md          , Md          , Md          , Md          , Md          , Md^Xm       , Md^Xm       , Md^Xm       , Md^Xm       , Md^Xm       , Md^Xm       , Md^Xm       , Md^Xm       , Ha          , Ha          , Aa          , Md^Xm       , Md^Xm       , Md          , Md^Xm       , Md          , Md^Xm       , Md          , Md^Xm       , Md          , Md          , Md          , Md          , Md^Xm       , Md^Xm       , Md^Xm       , Md          , Md^Xm       , Md^Xm       , Md^Xm       , Md^Xm       , Md          
Md          , Hhd         , Md          , Ww          , Ww          , Hhd         , Md          , Hhd^Vhhr    , Hhd         , Md          , Hhd         , Md          , Md          , Md          , Hhd         , Md          , Md          , Md          , Md          , Md^Xm       , Md^Xm       , Md          , Md          , Md          , Md^Xm       , Md^Xm       , Md          , Md          , Md          , Md          , Hhd         , Md          , Md          , Md          , Md          , Md          , Hhd         , Re          , Re          , Re          , Re          , Md          , Hhd         , Md          , Md          , Md          , Md          , Md          , Hhd         , Hhd^Vo      , Md          , Md^Xm       , Md          , Md          , Md          , Md^Xm       , Md          , Md          , Md          
Hhd         , Md          , Md          , Md          , Md          , Md^Xm       , Md          , Hhd         , Md          , Md          , Md          , Md          , Md          , Md          , Md          , Md          , Hhd         , Md          , Md          , Md^Xm       , Md^Xm       , Md          , Md          , Md          , Md          , Md^Xm       , Md          , Md          , Md          , Md          , Md          , Md          , Md          , Hhd         , Md          , Md          , Md          , Md          , Md          , Md          , Re          , Md          , Md          , Md          , Md          , Md          , Md          , Md          , Md          , Md          , Md          , Md          , Md          , Md          , Md          , Md          , Md          , Md          , Hhd         
Hhd         , Md          , Hhd         , Md          , Md          , Md          , Md          , Md          , Hhd         , Md          , Hhd         , Hhd         , Md          , Md          , Md          , Md          , Md          , Md          , Md          , Md          , Md          , Md          , Hhd         , Md          , Hhd         , Md          , Hhd         , Md          , Hhd         , Md          , Md          , Md          , Md          , Md          , Hhd         , Md          , Md          , Md          , Hhd         , Md          , Re          , Md          , Hhd         , Md          , Md          , Md          , Md          , Md          , Hhd         , Md          , Hhd^Vhh     , Md          , Hhd         , Hhd         , Hhd^Vc      , Md          , Hhd         , Hhd         , Hhd         
Hhd         , Md          , Md          , Hhd         , Hhd         , Hhd         , Hhd         , Md          , Md          , Md          , Md          , Hhd         , Hhd         , Md          , Hhd         , Md          , Hhd         , Md          , Hhd         , Md          , Md          , Md          , Md          , Md          , Md          , Md          , Gd^Es       , Re          , Gd^Es       , Md          , Md          , Hhd         , Hhd         , Hhd         , Gd          , Hhd         , Hhd         , Hhd         , Gd          , Hhd         , Gd          , Hhd         , Gd          , Hhd         , Hhd         , Hhd         , Hhd         , Hhd         , Hhd         , Hhd         , Gd          , Hhd         , Gd          , Hhd         , Hhd         , Hhd         , Hhd         , Hhd         , Gd          
Hhd         , Hhd         , Hhd         , Md          , Hhd         , Hhd         , Hhd         , Hhd         , Hhd         , Hhd         , Hhd         , Gd          , Gd          , Gd^Es       , Hhd         , Hhd         , Gd          , Gd^Vo       , Gd          , Hhd         , Hhd         , Md          , Hhd         , Hhd         , Md          , Gd^Es       , Re          , Re          , Hhd         , Md          , Hhd         , Hhd         , Md          , Hhd         , Gd          , Gd          , Gd          , Gd          , Gd          , Gd          , Gd          , Gd          , Gd          , Gd^Vo       , Hhd         , Hhd         , Hhd         , Gd          , Gd          , Gd          , Gd          , Gd          , Gd          , Gd          , Gd          , Gd          , Gd          , Hhd^Vo      , Gd          
Gd          , Gd          , Hhd         , Hhd         , Hhd         , Gd          , 7 Gd        , Hhd         , Rd          , Hhd         , Hhd         , Hhd         , Gd          , Gd          , Hhd         , Hhd         , Hhd         , Hhd         , Gd          , Gd          , Hhd         , Md          , Hhd         , Md          , Md          , Hhd         , Re          , Gd^Es       , Md          , Md          , Md          , Md          , Md          , Hhd         , Gd          , Hhd         , Gd          , Gd          , Gd          , Gd          , Gd          , Hhd         , Gd          , Hhd         , Gd          , Gd          , Hhd         , Hhd         , Gd          , Hhd         , Gd          , Gd          , Gd          , Gd          , Gd^Vhr      , Gd          , Gd          , Gd          , Gd          
Hhd         , Gs          , Gs          , Hhd         , Rd          , Rd          , Dd          , Rd          , Rd          , Dd          , Gs          , Rd          , Rd          , Gd          , Rd          , Hhd         , Gd          , Gd          , Hhd         , Gd          , Gd          , Hhd         , Hhd         , Md          , Md          , Md          , Re          , Gd          , Md          , Md          , Hhd         , Md          , Hhd         , Gd          , Gd          , Gd          , Gd          , Gd          , 1 Gd        , Gd          , Hhd         , Gd          , Gd          , Gd          , Gd          , Gd          , Gd          , Gd          , Gd          , Gd          , Gd^Vo       , Gd          , Hhd         , Gd          , Gd          , Gd          , Gd          , Gd          , Gd          
Ds          , Ds          , Rd          , Ds          , Chr         , Rd          , Gs          , Dd          , Ss          , Gs          , Rd          , Rd          , Ds          , Ds          , Ds          , Gd          , Gd          , Hhd         , Gd          , Gd          , Gd          , Gd          , Hhd         , Hhd         , Hhd         , Md          , Re          , Md          , Hhd         , Md          , Gd          , Hhd         , Gd          , Gd          , Gd          , Gd          , Gd          , Hhd         , Hhd         , Gd          , Gd          , Gd          , Gd          , Gd          , Hhd         , Gd          , Gll         , Gd^Vo       , Hhd         , Hhd         , Md          , Md          , Md          , Hhd         , Gd          , Gd          , Gd          , Gd^Vhr      , Gd          
Ss          , Ss          , Ss          , Chs         , 6 Khs       , Chs         , Ds          , Ds          , Ds          , Ss          , Ww          , Ww          , Ww          , Ww          , Wwr         , Gd          , Rd          , Gd          , Gd          , Gd          , Gd          , Gd          , Gd          , Hhd         , Gd          , Cud         , Re          , Cud         , Md          , Hhd         , Gd          , Gd          , Gd          , Gd          , Gd^Vo       , Gd          , Gd          , Hhd         , Gd          , Gd          , Gd          , Gd          , Gd          , Gd          , Md          , Hhd         , Gll^Fmf     , Gll         , Gd          , Md          , Hhd         , Md          , Gd          , Hhd         , Gd          , Gd          , Gd          , Gd          , Gd          
Ds          , Rd          , Rd          , Chs         , Chs         , Gs          , Ss          , Ss          , Ss          , Ww          , Ww          , Ww          , Ww          , Ww          , Ww          , Ds          , Dd          , Rd          , Gd          , Gd          , Gd          , Gd          , Gd          , Gd          , Gd          , Gd          , Re          , Gd          , Hhd         , Hhd         , Gd          , Gd          , Gd          , Gd          , Gd          , Gd          , Gd          , Gd          , Gd          , Gd          , Gd          , Gd          , Hhd         , Hhd         , Md          , Hhd^Fmf     , Gd^Fdf      , Gll^Fp      , Gd          , Gd          , Gd          , Gd          , Gd          , Gd          , Gd          , Gd          , Gd          , Gd          , Gd          
Ss          , Ss          , Ds          , Ss          , Sm          , Sm          , Sm          , Rd          , Ss          , Ww          , Ww          , Wo          , Wo          , Wo          , Ww          , Ww          , Ds          , Rd          , Gd          , Gd          , Gd          , Gd          , Gd          , Gd^Vo       , Gd          , Gd          , Re          , Gd          , Gd          , Gd          , Gll         , Gll         , Gd^Fmw      , Gll         , Gll         , Gd          , Gd          , Gd          , Gd          , Gd          , Gd          , Gd          , Hhd         , Md          , Hhd^Fmf     , Hhd^Fdf     , Gd^Fdf      , Gll^Fmf     , Gll         , Gd          , Gd          , Gd          , Gd          , Gd          , Gd          , Gd          , Gd          , Gd          , Gd          
Rd          , Ss          , Ds          , Sm          , Rd          , Sm          , Ss          , Rd          , Rd          , Ds          , Ww          , Ww          , Wo          , Wo          , Ww          , Ss          , Gd          , Gd          , Gd          , Gd          , Gd          , Gd          , Gd          , Gd          , Gd          , Gd          , Re          , Gd          , Gd          , Gll         , Gll^Fmf     , Gll^Fp      , Gll^Fmf     , Gll^Fp      , Gll^Fp      , Gll         , Gll         , Gll         , Gll         , Gd          , Gd          , Gd          , Gd          , Hhd         , Gll^Fmf     , Hhd^Fmf     , Gll^Fp      , Gll^Fmf     , Gll         , Gd          , Gd          , Gd          , Gd          , Gd          , Gd          , Gd          , Gd          , Gd          , Ww          
Ss          , Gs          , Dd          , 8 Ss        , Sm          , Ss          , Rd          , Ss          , Ds          , Ss          , Ww          , Ww          , Ww          , Ww          , Ww          , Ds          , Gd          , Gd          , Gd          , Gd          , Gd          , Gd          , Gd          , Gd          , Gd          , Re          , Gd          , Gd          , Gd          , Gll         , Gll^Fmf     , Gd^Fdf      , Gd^Fdf      , Gll^Fmf     , Gll^Fmf     , Gll         , Gll         , Gll^Fmf     , Gd          , Gd          , Gd          , Gd^Vo       , Gd          , Gll         , Gll         , Gll^Fmf     , Gll         , Gll         , Gd          , Gd          , Gd          , Gd          , Gd          , 5 Gd        , Gd          , Gd          , Ww          , Ww          , Gd          
Ss          , Rd          , Ss          , Dd          , Ss          , Rd          , Ds          , Gs          , Wwf^Bw\r    , Wwf         , Wwr         , Ww          , Rd          , Ww          , Ds          , Gs          , Rd          , Gd          , Gd^Vo       , Gd          , Gd          , Gd^Es       , Gd          , Gd          , Gd          , Re          , Gd          , Gd          , Gll         , Gll^Fmf     , Gd^Fdf      , Gd^Fdf      , Gd^Fdf      , Gll^Fmf     , Gll         , Gll         , Gd          , Gd          , Hhd         , Hhd         , Ww          , Ww          , Ww          , Ww          , Ww          , Gd          , Gd^Vo       , Gd          , Gd          , Gd          , Gd          , Gd          , Gd          , Gd          , Gd          , Gd          , Ww          , Gd          , Gd          
Gs          , Rd          , Ds          , Ss          , Ds          , Rd          , Ss          , Ss          , Wwf         , Ds          , Gs^Vht      , Gs          , Ss          , Dd          , Ss          , Rd          , Rd          , Gd          , Gd          , Gd          , Gd          , Gd          , Gd          , Gd          , Gd          , Re          , Gd          , Gd          , Gll         , Gd^Fmw      , Gll^Fmf     , Gd^Fdf      , Gd^Fdf      , Gll^Fmf     , Gll^Fmf     , Gll         , Gd          , Gd          , Hhd         , Ww          , Hhd         , Hhd         , Gll         , Gd          , Gd          , Ww          , Ww          , Gd          , Ww          , Gd          , Gd          , Gd          , Ww          , Gd          , Ww          , Ww          , Gd          , Gd          , Gd          
Ww          , Ss          , Ww          , Ww          , Ww          , Ww          , Ww          , Wwr         , Ss          , Ss          , Ss          , Ss          , Ss          , Rd          , Ss          , Rd          , Gs          , Gd          , Gd          , Gd          , Gd          , Gd^Vo       , Gd          , Gd          , Gd          , Re          , Re          , Gd          , Hhd^Fmf     , Hhd^Fmw     , Hhd^Fmf     , Gll^Fmf     , Gll^Fp      , Gll^Fmf     , Gll         , Gd          , Gd          , Gd          , Ww          , Ww          , Gll         , Gll         , Gll^Fmf     , Gll         , Gd          , Gd          , Gd          , Ww          , Gd          , Ww          , Ww          , Ww          , Gd          , Ww          , Gd          , Gd          , Gd          , Gd          , Gd          
Ww          , Ww          , Ww          , Ww          , Ww          , Wo          , Ww          , Ww          , Ss          , Rd          , Ss          , Sm          , Sm          , Ss          , Dd          , Ss          , Gs          , Gs          , Gd          , Gd          , Gd          , Gd          , Gd          , Gd          , Gd^Es       , Gd          , Re          , Hhd         , Md          , Md          , Md          , Gll         , Gll         , Gll         , Gd          , Gd          , Gd          , Gd          , Ww          , Gd          , Gll         , Gll^Fmf     , Gll^Fmf     , Gll^Fmf     , Gll         , Gd          , Gd          , Gd^Vo       , Gll         , Gd          , Gll         , Gd          , Gd          , Gd          , Gd          , Gd          , Gd^Eff      , Gd^Eff      , Gd^Eff      
Gs          , Wwr         , Dd          , Gs          , Ss          , Ww          , Ss          , Rd          , Gs^Vht      , Ds          , Ss          , Sm          , Ss          , Ss          , Rd          , Rd          , Gs          , Rd          , Gd          , Gd          , Gd          , Gd          , 3 Gd        , Gd          , Chr         , Gd^Es       , Hhd         , Md          , Md^Xm       , Md          , Md          , Md          , Hhd         , Gd          , Ww          , Ww          , Ww          , Ww          , Gll         , Gll         , Gll         , Gll         , Gll^Fmf     , Gll^Fp      , Gll         , Gd          , Gll         , Gll         , Gll^Fmf     , Gll^Fp      , Gll         , Gll         , Gll         , Gd          , Gd          , Gd^Eff      , Gd^Eff      , Gd^Vhr      , Gd          
Ss          , Rd          , Ss          , Rd          , Ss          , Rd          , Ss          , Rd          , Ss          , Rd          , Ss          , Ss          , Ss          , Ds          , Gs          , Rd          , Rd          , Gd          , Gd          , Gd          , Gd          , Gd          , Gd          , Gd^Es       , 4 Khr       , Chr         , Md          , Md          , Md^Xm       , Md^Xm       , Ww          , Md          , Ww          , Ww          , Gll         , Gd          , Gd^Vo       , Gd          , Gll         , Gll^Fp      , Gll^Fmf     , Gll         , Gll         , Gll         , Gll^Fmf     , Gll         , Gll         , Gll^Fp      , Gll^Fmf     , Gll^Fmf     , Gll^Fmf     , Gll^Fmf     , Gll^Fp      , Gll         , Gd^Vo       , Gd          , Gd          , Gd          , Gd          
Ds          , Ss          , Ss          , Rd          , Ss          , Ds          , Ds          , Ss          , Rd          , Ss          , Rd          , Dd          , Ss          , Ss          , Ss          , Ds          , Gd          , Gll         , Gll         , Gd          , Gll         , Gd          , Gd          , Chr         , Chr         , Hhd         , Md          , Md          , Md          , Md^Xm       , Md          , Ww          , Hhd         , Gll         , Gll^Fmf     , Gll         , Gll^Fp      , Gll         , Gll^Fp      , Gll^Fmf     , Gll^Fmf     , Gll^Fp      , Gll^Fmf     , Gll^Fp      , Gll^Fmf     , Gll^Fmf     , Gll^Fp      , Gll^Fmf     , Gll^Fmf     , Gll^Fmf     , Gll^Fmf     , Gll^Fmf     , Gll         , Gll^Fmf     , Gll         , Gd          , Gd          , Gd          , Gd          
Ss          , Dd          , Ss          , Gs          , Gs^Vht      , Gs          , Rd          , Ss          , Sm          , Sm          , Ds          , Rd          , Gs          , Rd          , Ds          , Dd          , Re          , Gll         , Gll^Fp      , Gll^Fmf     , Gll^Fp      , Gll         , Gll         , Gd^Es       , Gd          , Hhd^Fmf     , Hhd^Fmf     , Md          , Md          , Md          , Md          , Md          , Gd          , Gll         , Gll         , Gll^Fp      , Gll^Fmf     , Gll         , Gll         , Gll^Fp      , Gll^Fp      , Gll^Fp      , Gll^Fmf     , Gll^Fp      , Gll^Fp      , Gll^Fmf     , Gd^Fdf      , Gd^Fdf      , Gll^Fmf     , Gll^Fp      , Gll^Fmf     , Gll^Fmf     , Gll^Fmf     , Gll^Fmf     , Gll^Fmf     , Gll         , Gd^Vhr      , Gd          , Gd          
Ss          , Ss^Vhs      , Ss          , Ss          , Ds          , Ss          , Ss          , Rd          , Ds          , 2 Dd        , Re          , Gs^Vht      , Rd          , Gll^Fp      , Gll         , Re          , Gll         , Gll         , Gll^Fmf     , Gll^Fmf     , Gll^Fmf     , Gll^Fmf     , Gll         , Gd          , Gd          , Gd          , Gd          , Hhd^Fdw     , Gd          , Hhd         , Gd          , Gd          , Gd          , Gd          , Gll^Fmf     , Gll^Fmf     , Gll         , Gll         , Gll^Fp      , Gll^Fmf     , Gll^Fmf     , Gll^Fmf     , Gll^Fp      , Gll^Fmf     , Gll^Fp      , Gll^Fmf     , Gll^Fmf     , Gd^Fdf      , Gll^Fmf     , Gll^Fmf     , Gd^Fdf      , Gd^Fdf      , Gd^Fdf      , Gll^Fmf     , Gll^Fmf     , Gll         , Gll         , Gd          , Gd          
Gll^Fmf     , Ds          , Gs          , Gs          , Gll^Fp      , Ds          , Re          , Gd          , Re          , Re          , Gll^Fmf     , Rd          , Gll^Fp      , Gll^Fmf     , Ww          , Ww          , Ww          , Gll^Fp      , Ss^Vhs      , Gll^Fmf     , Gll^Fmf     , Gll^Fp      , Gll         , Gd          , Gd          , Gd          , Gd          , Gd          , Gd          , Gd          , Gd^Vo       , Gd          , Gd          , Gd          , Gd          , Gll         , Gll         , Gll^Fp      , Gll^Fmf     , Gll^Fmf     , Gll^Fp      , Gd^Fdf      , Gd^Fdf      , Gd^Fdf      , Gd^Fdf      , Gd^Fdf      , Gd^Fdf      , Gll^Fmf     , Gd^Fdf      , Gd^Fdf      , Gd^Fdf      , Gd^Fdf      , Gd^Fdf      , Gd^Fdf      , Gll^Fmf     , Gll^Fmf     , Gll         , Gd          , Gd          
Re          , Gll^Fmf     , Re          , Gll         , Re          , Re          , Gd^Fdf      , Re          , Gll^Fp      , Gll^Fmf     , Gll^Fmf     , Gd^Fdf      , Gll^Fmf     , Gll^Fp      , Gd^Fdf      , Ww          , Ww          , Ss          , Gll^Fmf     , Gll^Fp      , Gll^Fmf     , Gll         , Gd          , Gd          , Gd          , Gd          , Gd          , Gd          , Gd          , Gd          , Gd          , Gd          , Gd          , Gd          , Gll         , Gll         , Gll^Fmf     , Gll^Fmf     , Gll^Fmf     , Gll^Fp      , Gd^Fdf      , Gll^Fmf     , Gd^Fdf      , Gd^Fdf      , Gd^Fdf      , Gd^Fdf      , Gd^Fdf      , Gd^Fdf      , Gd^Fdf      , Gd^Fdf      , Gll^Fmf     , Gll^Fmf     , Gd^Fdf      , Gd^Fdf      , Gd^Fdf      , Gll^Fmf     , Gll^Fmf     , Gll         , Gd          
Gll^Fmf     , Re          , Gll^Fp      , Re          , Gll^Fmf     , Gd^Fdf      , Gll^Fmf     , Gd^Fdf      , Gd^Fdf      , Gll^Fp      , Gll^Fp      , Gd^Fdf      , Gll^Fp      , Gll^Fmf     , Gd^Fdf      , Ww          , Gll^Fmf     , Ww          , Hhd         , Gll^Fmf     , Gll^Fmf     , Gll         , Gd          , Gd          , Gd          , Gd          , Gd          , Gd^Vo       , Gd          , Gd          , Gd          , Gd          , Gd          , Gd          , Gll         , Gll^Fp      , Gll^Fmf     , Gll^Fmf     , Gll^Fmf     , Gll^Fmf     , Gd^Fdf      , Gll^Fmf     , Gd^Fdf      , Gd^Fdf      , Gd^Fdf      , Gd^Fdf      , Gll^Fmf     , Gd^Fdf      , Gd^Fdf      , Gd^Fdf      , Gll^Fmf     , Gll^Fmf     , Gd^Fdf      , Gd^Fdf      , Gd^Fdf      , Gll^Fmf     , Gll^Fmf     , Gll         , Gll         
Gll^Fmf     , Gd^Fdf      , Gd^Fdf      , Gll^Fmf     , Gll^Fp      , Gll^Fp      , Gll^Fmf     , Gll^Fmf     , Gll^Fmf     , Gll^Fmf     , Gd^Fdf      , Gll^Fmf     , Gll^Fmf     , Gd^Fdf      , Gll^Fmf     , Gll^Fmf     , Gll^Fmf     , Hhd^Fdw     , Md          , Md          , Md          , Md          , Hhd         , Gd          , Gd          , Gd          , Gd          , Gd          , Gd          , Gd          , Gd          , Gd          , Gd          , Gll         , Gll         , Gll^Fmf     , Gll^Fmf     , Gll^Fmf     , Gd^Fdf      , Gd^Fdf      , Gd^Fdf      , Gd^Fdf      , Gd^Fdf      , Gd^Fdf      , Gll^Fmf     , Gll^Fmf     , Gll^Fp      , Gll^Fmf     , Gd^Fdf      , Gd^Fdf      , Gd^Fdf      , Gd^Fdf      , Gd^Fdf      , Gd^Fdf      , Gd^Fdf      , Gd^Fdf      , Gd^Fdf      , Gll^Fmf     , Gll^Fmf     
