border_size=1
usage=map

Wot         , Wot         , Wot         , Wot         , Wot         , Wot         , Wot         , Wot         , Wot         , Wot         , Wot         , Wot         , Wot         , Wot         , Wot         , Wot         , Wot         , Wot         , Wot         , Wot         , Wot         , Wot         , Wot         , Wot         , Wot         , Wot         , Wot         , Wot         , Wot         , Wot         , Wot         , Wot         , Wot         , Wot         , Wot         , Wot         , Wot         , Wot         , Wot         , Wot         , Wwt         , Wot         
Wot         , Wot         , Wot         , Wot         , Wot         , Wot         , Wot         , Wot         , Wot         , Wot         , Wot         , Wot         , Wot         , Wot         , Wot         , Wot         , Wwt         , Wot         , Wot         , Wot         , Wot         , Wot         , Wot         , Wot         , Wot         , Wot         , Wot         , Wot         , Wot         , Wot         , Wot         , Wot         , Wot         , Wot         , Ww^Vm       , Wot         , Wwt         , Wot         , Wot         , Wot         , Ww^Vm       , Wwt         
Wot         , Wot         , Wot         , Wot         , Wot         , Wot         , Wot         , Wot         , Wot         , Wot         , Wot         , Wot         , Wot         , Wot         , Wot         , Wwt         , Ww^Vm       , Wot         , Wot         , Wot         , Wot         , Wot         , Wot         , Wot         , Wot         , Wot         , Wot         , Wot         , Wot         , Wot         , Wot         , Wot         , Wot         , Wot         , Wwt         , Wwt         , Ds          , Wwt         , Wot         , Wot         , Wot         , Wot         
Wot         , Wot         , Wot         , Wot         , Wot         , Wot         , Wot         , Wot         , Wot         , Wot         , Wot         , Wot         , Wot         , Wot         , Wot         , Wwt^Es      , Wwt^Es      , Wwt         , Wot         , Wot         , Wot         , Wot         , Wot         , Wot         , Wot         , Wot         , Wot         , Wot         , Wot         , Wot         , Wot         , Wot         , Wot         , Wwt         , Ds          , Wwf         , Ds          , Ww^Vm       , Wwt         , Wot         , Wot         , Wot         
Wot         , Wot         , Wot         , Wot         , Wot         , Wot         , Wot         , Wot         , Wot         , Wot         , Wot         , Wot         , Wot         , Wot         , Wot         , Wot         , Wot         , Wot         , Wot         , Wot         , Wot         , Wot         , Wot         , Wot         , Wwt         , Wot         , Wot         , Wot         , Wot         , Wot         , Wot         , Wot         , Wot         , Wwt         , Ww^Vm       , Wwf         , Wwf         , Wwf         , Wwt         , Wot         , Wot         , Wot         
Wot         , Wot         , Wot         , Wot         , Wot         , Wot         , Wot         , Wot         , Wwt         , Wot         , Wwt         , Wot         , Wot         , Wot         , Wot         , Wot         , Wot         , Wot         , Wot         , Wot         , Wot         , Wot         , Wwt         , Wwt         , Wwt         , Wot         , Wot         , Wot         , Wot         , Wot         , Wot         , Wot         , Wot         , Wot         , Wwt         , Ds          , Ds          , Ds          , Ww^Vm       , Wot         , Wot         , Wot         
Wot         , Wot         , Wot         , Wot         , Wot         , Wot         , Wot         , Wwt         , Wwt         , Ww^Vm       , Wwt         , Wot         , Wot         , Wot         , Wot         , Wot         , Wot         , Wot         , Wot         , Wot         , Wot         , Wwt         , Gs^Vht      , Dd          , Wwrt        , Wwt         , Wot         , Wot         , Wot         , Wot         , Wot         , Wwt         , Wot         , Wot         , Wot         , Wwt         , Wwt         , Wwt         , Wot         , Wot         , Wot         , Wot         
Wot         , Wot         , Wot         , Wot         , Wot         , Wot         , Wot         , Wwt         , Gs^Ft       , Wwt         , Wwt^Es      , Wot         , Wot         , Wot         , Wot         , Wot         , Wot         , Wot         , Wot         , Wot         , Wwt         , Wwt         , Gs^Ft       , Gs^Ft       , Ds          , Wwt         , Wot         , Wot         , Wot         , Wot         , Wot         , Ww^Vm       , Wot         , Wot         , Wot         , Wot         , Wot         , Wot         , Wot         , Wot         , Wot         , Wot         
Wot         , Wot         , Wot         , Wot         , Wot         , Wot         , Wwt         , Wwt         , Dd^Do       , Gs^Ft       , Wwt         , Wwt         , Wot         , Wot         , Wot         , Wot         , Wot         , Wot         , Wot         , Wot         , Wwt         , Gs^Vht      , Gs^Ft       , Wwt^Es      , Ds          , Wwt         , Wwt         , Wot         , Wot         , Wot         , Wot         , Wot         , Wot         , Wot^Es      , Wot         , Wot         , Wot         , Wot         , Wot         , Wot         , Wot         , Wot         
Wot         , Wot         , Wot         , Wot         , Wot         , Wot         , Wwt         , Wwt         , Wwrt        , Gs^Vht      , Wwt         , Wwt         , Wot         , Wot         , Wot         , Wot         , Wot         , Wot         , Wot         , Wwt         , Wwt         , Dd          , Dd          , Ds          , Wwt         , Wwt         , Wwt         , Wot         , Wot         , Wot         , Wot         , Wot         , Wot         , Wot         , Wot         , Wot         , Wot         , Wot         , Wot         , Wot         , Wot         , Wot         
Wot         , Wot         , Wot         , Wwt^Es      , Wwt         , Wot         , Wwt         , Wwt         , Wwt         , Gs^Ft       , Wwt         , Wot         , Wot         , Wot         , Wwt         , Wot         , Wwt         , Wwt         , Wwrt        , Wwrt        , Wwt         , Wwt         , Wwrt        , Wwt         , Wwt         , Dd          , Wwt         , Wot         , Wot         , Wot         , Wot         , Wot         , Wot         , Wot         , Wot         , Wot         , Wot         , Wot         , Wot         , Wot         , Wot         , Wot         
Wot         , Wot         , Wot         , Wwt         , Wwt         , Wwt         , Gs^Ft       , Ds          , Wwt         , Wwt         , Wwt         , Wot         , Wot         , Wwt         , Wwt         , Wwt^Es      , Ds          , Wwt         , Wwt         , Wwrt        , Wot         , Wwt         , Wot         , Wot         , Wot         , Wwt         , Wot         , Wot         , Wot         , Wot         , Wot         , Wot         , Wwt         , Wwt         , Dd          , Wwt         , Ww^Vm       , Wwt         , Wwt         , Wot         , Wot         , Wot         
Wot         , Wot         , Wwt         , Wwt         , Ce          , Wwt^Es      , Wwt         , Ds          , Wwt         , Wwt         , Wot         , Wot         , Wot         , Wwt         , Wwrt        , Ds^Es       , Ds          , Wwt         , Wot         , Wwt         , Wot         , Wot         , Wot         , Wot         , Wot         , Wot         , Wot         , Wot         , Wot         , Wot         , Wwt         , Wwt         , Wwt         , Ds          , Gs^Ft       , Wwt^Es      , Ce          , Ds          , Wwt         , Wot         , Wot         , Wot         
Wot         , Wot         , Wwt         , Wwt         , Ce          , Ce          , Ce          , Wwt         , Wwt^Es      , Wwt         , Wot         , Wot         , Wot         , Wot         , Wot         , Wwrt        , Wwt         , Wwt         , Wot         , Wot         , Wot         , Wot         , Wot         , Wot         , Wot         , Wot         , Wot         , Wot         , Wot         , Wot         , Wwt         , Ds          , Wwt         , Ds          , Ce          , Ce          , Dd^Vdt      , Ce          , Ce          , Wwrt        , Wot         , Wot         
Wot         , Wwt         , Wwt         , 1 Ke        , Wwf         , Ce          , Ce          , Wwt         , Ds          , Wwt         , Wwt         , Wot         , Wot         , Wot         , Wot         , Wwt         , Wot         , Wwt         , Wwt         , Wot         , Wwt         , Wot         , Wot         , Wot         , Wot         , Wot         , Wot         , Wot         , Wot         , Wwt         , Ds          , Dd          , Wwt^Es      , Wwt^Es      , Gs^Ft       , Ce          , 2 Ke        , Ce          , Ds          , Wwrt        , Wot         , Wot         
Wot         , Wot         , Wwt         , Wwrt        , Wwrt        , Ce          , Wwt^Es      , Wwt         , Wwt         , Wwrt        , Wwt         , Wot         , Wot         , Wot         , Wot         , Wot         , Wot         , Wwt         , Wwrt        , Wwrt        , Ds          , Wwt         , Wot         , Wot         , Wot         , Wot         , Wot         , Wot         , Wwt         , Wwt         , Ww^Vm       , Wwt         , Gs^Vht      , Wwt^Es      , Ce          , Ce          , Wot         , Ce          , Ce          , Wwrt        , Wot         , Wot         
Wot         , Wot         , Wot         , Wwt         , Wwt         , Wwt         , Ds          , Wwt         , Ww^Vm       , Wwt         , Wot         , Wot         , Wot         , Wot         , Wot         , Wot         , Wwt         , Wwt         , Hd          , Dd          , Wwt^Es      , Wwt         , Wot         , Wot         , Wot         , Wot         , Wot         , Wot         , Wot         , Wwt         , Wwt         , Dd          , Dd          , Gs^Ft       , Ds          , Ce          , Ce          , Ce          , Wwrt        , Wwt         , Wot         , Wot         
Wot         , Wot         , Wot         , Wot         , Wwt         , Wwt         , Wwt         , Wwt         , Wwt         , Wwt         , Wot         , Wot         , Wot         , Wot         , Wot         , Wot         , Wwt         , Ww^Vm       , Ds          , Dd^Do       , Wwt         , Wwt         , Wot         , Wot         , Wot         , Wot         , Wot         , Wot         , Wot         , Wwt         , Wwt         , Wwt         , Wwt         , Wwrt        , Wwt^Es      , Ds          , Dd          , Wwrt        , Gs^Ft       , Wwt         , Wot         , Wot         
Wot         , Wot         , Wot         , Wot         , Wot         , Wwt         , Wot         , Wot         , Wot         , Wot         , Wot         , Wot         , Wot         , Wot         , Wot         , Wot         , Wot         , Wwt         , Wwt         , Wwt         , Wwt         , Ww^Vm       , Wot         , Wot         , Wot         , Wot         , Wot         , Wot         , Wot         , Wot         , Wot         , Ww^Vm       , Wwt         , Ds          , Wwt         , Wwt         , Wwt         , Wwt         , Wwt         , Wwt         , Wot         , Wot         
Wot         , Wot         , Wot         , Wot         , Wot         , Wot         , Wot         , Wot         , Wot         , Wot         , Wot         , Wot         , Wot         , Wot         , Wot         , Wot         , Wot         , Wot         , Wot         , Wot         , Wot         , Wot         , Wot         , Wot         , Wot         , Wot         , Wot         , Wot         , Wot         , Wot         , Wot         , Wot         , Wot         , Wwt         , Wot         , Wot         , Wot         , Wot         , Wot         , Wot         , Wot         , Wot         
Wot         , Wot         , Wot         , Wot         , Wot         , Wot         , Wot         , Wot         , Wot         , Wot         , Wot         , Wot         , Wot         , Wot         , Wot         , Wot         , Wot         , Wot         , Wot         , Wot         , Wot         , Wot         , Wot         , Wot         , Wot         , Wot         , Wot         , Wot         , Wot         , Wot         , Wot         , Wot         , Wot         , Wot         , Wot         , Wot         , Wot         , Wot         , Wot         , Wot         , Wot         , Wot         
