border_size=1
usage=map

Gd^Fmw      , Gd^Fmw      , Gd^Fmw      , Gd^Fmw      , Gll^Fp      , Gll^Fp      , Gll^Fp      , Gll^Fp      , Gll^Fp      , Gll^Fp      , Gd^Fmw      , Gd^Fmw      , Gd^Fmw      , Gd^Fmw      , Gd^Fmw      , Gd^Fmw      , Gd          , Hhd         , Md          , Hhd         , Md          , Hhd         , Md          , Md          , Hhd         , Hhd         , Md          , Md          , Md          , Md          , Md          , Md          , Md          , Md          , Hhd         , Hhd         , Hhd         , Hhd         , Ha          , Ha          , Ms          , Ms          , Ms          , Ms          , Md          , Hhd         , Hhd         , Ww          , Md          , Md^Xm       , Ms          , Ms^Xm       , Ms^Xm       , Ms^Xm       , Ms^Xm       
Hhd^Fmw     , Gd^Fmw      , Hhd^Fmw     , Gd^Fmw      , Hhd^Fmw     , Hhd^Fmw     , Hhd^Fmw     , Gll^Fp      , Hhd^Fmw     , Hhd^Fmw     , Hhd^Fmw     , Gd^Fmw      , Hhd^Fmw     , Hhd^Fmw     , Hhd         , Gd          , Gd          , Gd          , Gd          , Md          , Md          , Md          , Md          , Md          , Md          , Md          , Md          , Md          , Gd^Vhr      , Md          , Gd          , Hhd         , Gd          , Md          , Hhd         , Hhd         , Md          , Hhd         , Hhd         , Ha          , Ha          , Ms          , Ms          , Ms          , Md          , Md          , Hhd         , Ww          , Md          , Md^Xm       , Md^Xm       , Ms          , Ms^Xm       , Ms^Xm       , Ms^Xm       
Md          , Hhd^Fmw     , Md          , Hhd^Fmw     , Md          , Md          , Md          , Md          , Md          , Md          , Md          , Md          , Md          , Md          , Md          , Md          , Hhd         , Md          , Md          , Md          , Md          , Hhd         , Md          , Md          , Hhd         , Md          , Gd          , Md          , Gd          , Gd          , Ww          , Gd          , Gd          , Hhd         , Hhd         , Md          , Md          , Md          , Hhd         , Hhd         , Ha          , Ms          , Md          , Md          , Md          , Hhd         , Gd          , Ww          , Md          , Md^Xm       , Md^Xm       , Ms          , Ms          , Ms^Xm       , Ms^Xm       
Ww          , Md          , Md          , Md          , Md          , Md^Xm       , Md          , Md          , Md          , Md          , Md          , Md          , Md          , Md^Xm       , Md^Xm       , Md          , Hhd         , Md          , Md          , Hhd         , Hhd         , Hhd         , Hhd         , Hhd         , Ww          , Ww          , Ww          , Gd          , Ww          , Ww          , Gd          , Ww          , Ww          , Ww          , Ww          , Ww          , Ww          , Md          , Hhd         , Hhd         , Hhd         , Md          , Hhd         , Hhd         , Hhd         , Hhd         , Ww          , Ww          , Gd^Fmw      , Md          , Md^Xm       , Ms          , Ms          , Ms^Xm       , Ms          
Hhd         , Ww          , Ww          , Md          , Ww          , Md          , Md          , Md          , Md          , Md          , Md          , Md          , Md          , Md          , Md          , Md          , Hhd         , Md          , Md          , Md          , Md          , Hhd         , Gd          , Ww          , Ww          , Ww          , Ww          , Ww          , Ww          , Gd          , Gd          , Hhd         , Hhd         , Hhd         , Hhd^Fmf     , Hhd^Fdw     , Hhd^Fmw     , Ww          , Ww          , Hhd         , Hhd^Vl      , Hhd         , Ww          , Ww          , Ww          , Ww          , Gll^Fmf     , Aa^Fma      , Hhd^Fmw     , Md          , Md          , Md          , Md^Xm       , Ms          , Md          
Gd          , Hhd         , Hhd         , Ww          , Hhd         , Ww          , Ww          , Ww          , Ww          , Ww          , Ww          , Md          , Md          , Md          , Md          , Hhd         , Md          , Md          , Gd^Fmw      , Md          , Gd          , Gd          , Gd          , Ww          , Ww          , Wo          , Wo          , Ww          , Ww          , Ww          , Hhd         , Hhd         , Md          , Md          , Md          , Hhd^Fmf     , Md          , Md          , Md          , Ww          , Ww          , Ww          , Hhd         , Hhd         , Hhd         , Ww          , Ww          , Gd^Fmw      , Hhd^Fdw     , Md          , Md          , Md^Xm       , Md^Xm       , Md^Xm       , Md          
Hhd         , Gd          , Hhd^Fdw     , Hhd         , Gll^Fmf     , Hhd         , Gd          , Gd          , Gd          , Gd          , Gd          , Ww          , Ww          , Gd^Fmw      , Gd^Fmw      , Hhd         , Ww          , Gd^Fmw      , Ww          , Gd^Fmw      , Gd          , Gll^Fmf     , Ww          , Ww          , Wo          , Wo          , Wo          , Wo          , Ww          , Ww          , Hhd         , Md          , Hhd^Fdw     , Md          , Hhd^Fmw     , Md          , Hhd         , Md          , Hhd^Fmw     , Hhd^Fdw     , Hhd^Fdw     , Hhd         , Md          , Hhd         , Hhd         , Gd          , Ww          , Gd^Fmw      , Aa^Fma      , Hhd^Fdw     , Hhd^Fmw     , Md          , Md          , Md          , Md          
Hhd^Fdw     , Hhd         , Hhd^Fdw     , Gd^Fmw      , Gll^Fmf     , Hhd^Fdw     , Hhd         , Gd          , Ce          , Gd          , Gd          , Ww          , Gd          , Ww          , Ww          , Ww          , Gd          , Ww          , Gd          , Ww          , Hhd         , Gd          , Ww          , Ww          , Ww          , Wo          , Ww          , Ww          , Re          , Hhd         , Hhd         , Hhd^Fdw     , Hhd^Fmw     , Hhd         , Hhd         , Hhd         , Re          , Hhd         , Hhd         , Md          , Md          , Md          , Sm          , Md          , Md          , Hhd         , Ww          , Gll^Fmf     , Gd^Fmw      , Gd^Fmw      , Gll^Fmf     , Aa^Fda      , Aa^Fda      , Md          , Hhd         
Gd          , Hhd         , Hhd         , Hhd^Fdw     , Gd          , Gd          , Hhd         , Ce          , 1 Ke        , Ce          , Gd^Fmw      , Ww          , Gd          , Gd          , Gd          , Gd          , Gd          , Gd          , Gd          , Ww          , Hhd         , Md          , Md          , Ww          , Ww          , Ww          , Ww          , Ww          , Re          , Re          , Re          , Hhd         , Re          , Re          , Re          , Re          , Re          , Hhd         , Hhd         , Md          , Md          , Sm          , Wwg         , Sm          , Sm          , Md          , Ww          , Gll^Fmf     , Ww          , Ww          , Ww          , Aa^Fda      , Gd          , Ha^Fda      , Aa          
Gd^Fmw      , Gd          , Md          , Hhd^Fdw     , Hhd^Fdw     , Gd          , Gd          , Ce          , Ce          , Ce          , Gd          , Ww          , Gd          , Gd^Fmw      , Gd          , Gd          , Md          , Gd          , Gd          , Ww          , Md          , Md          , Hhd         , Ww          , Re          , Re          , Re          , Re          , Rr          , Re          , Re          , Re          , Re          , Re          , Re          , Re          , Re          , Re          , Hhd         , Md          , Md          , Sm          , Sm          , Wwg         , Sm          , Md          , Gd          , Ww          , Md          , Md          , Md          , Ww          , Ai          , Gd          , Gd          
Gd          , Gd          , Md          , Md          , Md          , Md          , Hhd         , Gd          , Gd          , Gd          , Ww          , Ww          , Md          , Gd          , Md          , Gd          , Gd^Fmw      , Gd^Fmw      , Gd          , Ww          , Ww          , Md          , Hhd         , Ww          , Re          , Re          , Rr          , Rr          , Re          , Rr          , Rr^Vd       , Rr          , Rr          , Re          , Re          , Re          , Re          , Re          , Hhd         , Hhd         , Md          , Md          , Md          , Sm          , Md          , Md          , Aa          , Md          , Md          , Md          , Md          , Aa          , Ai          , Aa          , Wog         
Hhd         , Gd^Fmw      , Hhd^Fmw     , Md          , Hhd         , Hhd^Fmw     , Hhd         , Gd          , Ww          , Ww          , Md          , Md          , Md          , Md          , Md          , Md          , Md          , Gll^Fmf     , Gd          , Gd          , Gd          , Ww          , Ww          , Ww          , Re          , Re          , Rr^Vd       , Re          , Re          , Re          , Rr          , Re          , Re          , Rr          , Rr^Vd       , Re          , Re          , Re          , Re          , Hhd         , Hhd         , Md          , Hhd         , Md          , Md          , Md          , Md          , Md          , Md          , Md          , Md          , Md          , Aa          , Ai          , Aa          
Hhd^Fmw     , Gd^Fmw      , Hhd^Fmf     , Hhd^Fmw     , Hhd^Fmw     , Hhd         , Gd          , Ww          , Gd          , Gd          , Md          , Md          , Md          , Md          , Md          , Md          , Md          , Gll^Fmf     , Gd          , Gd          , Gd          , Re          , Re          , Re          , Rr          , Rr          , Re          , Rr          , Rr          , Re          , Re          , Rr          , Re          , Re          , Re          , Rr          , Re          , Re          , Re          , Hhd         , Hhd         , Hhd         , Md          , Hhd         , Ms          , Md          , Md          , Md          , Ms^Xm       , Ms^Xm       , Ms          , Md          , Md          , Md          , Md          
Hhd^Fmf     , Hhd^Fmw     , Hhd^Fmw     , Hhd^Fmw     , Gd          , Md          , Gd          , Ww          , Gd          , Gd          , Gd          , Md          , Md          , Md          , Md          , Md          , Md          , Hhd         , Md          , Gd          , Hhd         , Re          , Re          , Rr          , Re          , Re          , Re          , Re          , Rr^Vd       , Re          , Re          , Rr          , Rr          , Re          , Rr          , Rr          , Rr^Vd       , Re          , Re          , Gd          , Re          , Gd          , Re          , Hhd         , Aa          , Ha          , Hhd         , Md          , Ms          , Ms          , Aa          , Ms          , Ms          , Ms          , Aa          
Hhd^Fmf     , Hhd^Fmf     , Md          , Md          , Md          , Gd          , Gd          , Ww          , Ww          , Gd          , Gd          , Gd          , Hhd^Fdw     , Md          , Md          , Md          , Md          , Md          , Md          , Gd          , Hhd         , Re          , Re          , Rr^Vd       , Rr          , Re          , Re          , Re          , Re          , Rr          , Chr         , Re          , Rr          , Rr^Vd       , Re          , Re          , Rr          , Re          , Re          , Re          , Re          , Re          , Re          , Re          , Gd          , Gd          , Re          , Ha          , Aa          , Aa          , Re          , Aa          , Re          , Re          , Re          
Md          , Md          , Md          , Hhd         , Hhd         , Md          , Hhd         , Hhd         , Hhd         , Ww          , Ww          , Hhd         , Hhd^Fdw     , Hhd^Fdw     , Hhd         , Hhd^Fdw     , Hhd^Fdw     , Md          , Hhd         , Hhd         , Hhd         , Re          , Re          , Re          , Rr          , Re          , Re          , Re          , Rr          , Ch          , 2 Khr       , Chr         , Re          , Re          , Re          , Re          , Rr          , Re          , Re          , Re          , Re          , Aa          , Re          , Re          , Re          , Re          , Re          , Re          , Re          , Re          , Re          , Re          , Re          , Re          , Aa          
Md          , Hhd         , Md          , Hhd         , Hhd         , Hhd         , Md          , Hhd         , Hhd         , Md          , Ww          , Md          , Md          , Hhd^Fdw     , Hhd         , Md          , Md          , Hhd         , Hhd         , Hhd         , Gll^Fp      , Hhd         , Re          , Re          , Rr          , Re          , Rr          , Rr^Vd       , Re          , Ch          , Ch          , Chr         , Re          , Re          , Rr^Vd       , Rr          , Re          , Rr^Vd       , Re          , Re          , Re          , Re          , Aa          , Re          , Re          , Re          , Aa          , Re          , Aa          , Aa          , Ha          , Aa          , Md          , Aa          , Md          
Md^Xm       , Hhd         , Md          , Md          , Md          , Md          , Md          , Hhd         , Hhd         , Md          , Md          , Ww          , Md          , Hhd         , Hhd^Fdw     , Md          , Ww          , Ww          , Hhd         , Hhd         , Hhd         , Hhd         , Re          , Re          , Rr^Vd       , Rr          , Re          , Re          , Re          , Re          , Rr          , Re          , Re          , Re          , Rr          , Re          , Rr          , Rr          , Re          , Gd          , Hhd         , Hhd         , Hhd         , Aa          , Hhd         , Aa          , Hhd         , Ha          , Md          , Ha          , Ms          , Md          , Ms          , Ms          , Ms          
Md          , Hhd         , Md          , Hhd         , Md          , Md          , Md          , Md          , Hhd         , Md          , Md          , Ww          , Md          , Hhd^Fdw     , Hhd         , Hhd         , Hhd         , Md          , Md          , Hhd         , Hhd         , Hhd         , Hhd         , Re          , Re          , Rr          , Rr          , Re          , Re          , Re          , Rr          , Rr^Vd       , Rr          , Rr          , Re          , Rr^Vd       , Re          , Re          , Gd^Fmw      , Gd          , Hhd         , Md          , Md          , Md          , Md          , Md          , Md          , Md          , Md          , Ms          , Ms          , Ms          , Ms          , Ms          , Ms          
Hhd         , Md          , Hhd         , Hhd         , Hhd         , Md          , Md          , Hhd^Vhhr    , Md          , Hhd         , Hhd         , Ww          , Hhd         , Hhd         , Md          , Hhd         , Md          , Md          , Md          , Md          , Md          , Hhd         , Hhd         , Hhd         , Hhd         , Re          , Re          , Rr          , Rr^Vd       , Rr          , Re          , Re          , Re          , Re          , Re          , Re          , Re          , Re          , Gd^Fmw      , Gll^Fmf     , Hhd^Fdw     , Md          , Md          , Md          , Md          , Md          , Md          , Md          , Md^Xm       , Md^Xm       , Md^Xm       , Ms          , Md^Xm       , Ms          , Md^Xm       
Md          , Md          , Md          , Md          , Md          , Hhd         , Md^Xm       , Md          , Hhd         , Hhd         , Ww          , Ww          , Hhd         , Md          , Md          , Md          , Md          , Md          , Md          , Md          , Md          , Hhd         , Hhd         , Hhd         , Hhd         , Re          , Re          , Re          , Re          , Re          , Re          , Re          , Re          , Re          , Gd          , Gd          , Gd          , Gd^Fmw      , Hhd^Fdw     , Gll^Fmf     , Hhd         , Hhd         , Hhd         , Hhd         , Md          , Md          , Ha          , Md          , Md          , Md^Xm       , Ms          , Md^Xm       , Md^Xm       , Md^Xm       , Md^Xm       
Md          , Md          , Md          , Hhd^Fdw     , Hhd^Fdw     , Hhd^Fdw     , Hhd^Fdw     , Md          , Md          , Ww          , Hhd         , Hhd         , Md          , Md          , Md          , Md          , Md          , Md          , Md          , Md          , Md          , Md          , Hhd         , Hhd         , Gd          , Gd          , Gd          , Re          , Re          , Re          , Gd          , Re          , Gd          , Gd          , Hhd         , Hhd         , Hhd         , Hhd         , Hhd         , Hhd         , Md          , Hhd         , Hhd         , Ha          , Hhd         , Md          , Hhd         , Md          , Md^Xm       , Md^Xm       , Md^Xm       , Md^Xm       , Ms          , Md^Xm       , Ms^Xm       
Md          , Md^Xm       , Md          , Md          , Md          , Md          , Md          , Md          , Md          , Ww          , Md          , Md          , Md          , Md          , Md          , Md          , Md          , Md          , Md          , Md          , Md          , Md          , Md          , Md          , Hhd         , Gd          , Hhd         , Gd          , Gd          , Gd          , Gd          , Gd          , Gd          , Gd          , Hhd         , Md          , Md          , Md          , Md          , Md          , Hhd         , Md          , Ww          , Ww          , Ww          , Hhd         , Ha          , Hhd         , Md          , Md^Xm       , Ms          , Ms          , Ms          , Ms          , Ms^Xm       
Md^Xm       , Md          , Md^Xm       , Hhd^Fdw     , Md          , Md          , Md          , Md          , Md          , Ww          , Ww          , Hhd         , Hhd         , Md          , Md          , Md          , Md^Xm       , Md          , Md^Xm       , Md^Xm       , Md^Xm       , Md^Xm       , Md^Xm       , Md          , Md          , Md          , Hhd         , Gd          , Gd          , Gd          , Gd          , Gd          , Hhd         , Hhd         , Hhd         , Md          , Md          , Md          , Md          , Md          , Md          , Md          , Ww          , Ww          , Md          , Hhd         , Md          , Ms          , Md          , Md          , Ms^Xm       , Ms          , Ms          , Ms          , Ms^Xm       
Md^Xm       , Md^Xm       , Md^Xm       , Md          , Md^Xm       , Hhd^Fdw     , Md          , Md          , Md          , Md          , Md          , Ww          , Ww          , Hhd         , Md          , Md          , Md^Xm       , Md^Xm       , Md^Xm       , Md^Xm       , Md^Xm       , Md^Xm       , Md^Xm       , Md^Xm       , Md          , Md          , Md          , Gd          , Gd          , Gd          , Gd          , Gd          , Hhd         , Md          , Md          , Md          , Md          , Md          , Md          , Hhd         , Md          , Md          , Hhd         , Hhd         , Md          , Md          , Ha          , Md          , Md          , Ms          , Ms          , Ms^Xm       , Ms^Xm       , Ms^Xm       , Ms^Xm       
Md          , Md          , Md          , Hhd^Fdw     , Md          , Md          , Md          , Md          , Md^Xm       , Md          , Md          , Ww          , Ww          , Hhd         , Hhd         , Md          , Md          , Md^Xm       , Md          , Md          , Md          , Md          , Md          , Md          , Md          , Md          , Md          , Hhd         , Gd          , Gd          , Gd          , Hhd         , Hhd         , Hhd         , Hhd         , Hhd         , Hhd         , Hhd         , Hhd         , Hhd         , Hhd         , Hhd         , Hhd         , Ha          , Ha          , Md          , Md          , Ms          , Ms^Xm       , Ms          , Ms^Xm       , Ms^Xm       , Ms          , Ms^Xm       , Ms          
